******************************************************************************
                  MSP430 Linker PC v18.12.1                    
******************************************************************************
>> Linked Thu Aug  8 15:44:32 2019

OUTPUT FILE NAME:   <SmartGarden.out>
ENTRY POINT SYMBOL: "_c_int00_noargs"  address: 0000aae0


MEMORY CONFIGURATION

         name            origin    length      used     unused   attr    fill
----------------------  --------  ---------  --------  --------  ----  --------
  SFR                   00000000   00000010  00000000  00000010  RWIX
  PERIPHERALS_8BIT      00000010   000000f0  00000000  000000f0  RWIX
  PERIPHERALS_16BIT     00000100   00000100  00000000  00000100  RWIX
  RAM                   00000200   00000400  000000e9  00000317  RWIX
  INFOD                 00001000   00000040  00000000  00000040  RWIX
  INFOC                 00001040   00000040  00000000  00000040  RWIX
  INFOB                 00001080   00000040  00000000  00000040  RWIX
  INFOA                 000010c0   00000040  00000000  00000040  RWIX
  FLASH                 00008000   00007fde  00002c5a  00005384  RWIX
  BSLSIGNATURE          0000ffde   00000002  00000002  00000000  RWIX  ffff 
  INT00                 0000ffe0   00000002  00000000  00000002  RWIX
  INT01                 0000ffe2   00000002  00000000  00000002  RWIX
  INT02                 0000ffe4   00000002  00000002  00000000  RWIX
  INT03                 0000ffe6   00000002  00000002  00000000  RWIX
  INT04                 0000ffe8   00000002  00000000  00000002  RWIX
  INT05                 0000ffea   00000002  00000002  00000000  RWIX
  INT06                 0000ffec   00000002  00000002  00000000  RWIX
  INT07                 0000ffee   00000002  00000002  00000000  RWIX
  INT08                 0000fff0   00000002  00000002  00000000  RWIX
  INT09                 0000fff2   00000002  00000002  00000000  RWIX
  INT10                 0000fff4   00000002  00000002  00000000  RWIX
  INT11                 0000fff6   00000002  00000000  00000002  RWIX
  INT12                 0000fff8   00000002  00000002  00000000  RWIX
  INT13                 0000fffa   00000002  00000002  00000000  RWIX
  INT14                 0000fffc   00000002  00000002  00000000  RWIX
  RESET                 0000fffe   00000002  00000002  00000000  RWIX


SECTION ALLOCATION MAP

 output                                  attributes/
section   page    origin      length       input sections
--------  ----  ----------  ----------   ----------------
.data      0    00000200    0000007e     UNINITIALIZED
                  00000200    00000040     main.obj (.data:sineData)
                  00000240    00000022     main.obj (.data)
                  00000262    0000000a     main.obj (.data:ADCBuffer)
                  0000026c    00000008     main.obj (.data:clockwise)
                  00000274    00000008     main.obj (.data:counterClockwise)
                  0000027c    00000002     rts430_eabi.lib : errno.c.obj (.data)

.bss       0    0000027e    0000001b     UNINITIALIZED
                  0000027e    00000008     (.common:celsius)
                  00000286    00000008     (.common:farenheit)
                  0000028e    00000008     (.common:kelvin)
                  00000296    00000002     (.common:i)
                  00000298    00000001     (.common:uf_lcd_temp)

.stack     0    000005b0    00000050     UNINITIALIZED
                  000005b0    00000002     rts430_eabi.lib : boot.c.obj (.stack)
                  000005b2    0000004e     --HOLE--

.text      0    00008000    00002bd8     
                  00008000    0000063c     rts430_eabi.lib : e_log.c.obj (.text:log)
                  0000863c    00000478                     : frcdivd.c.obj (.text:__TI_frcdivd)
                  00008ab4    000002fa                     : addd.c.obj (.text:__mspabi_addd)
                  00008dae    000002a4     main.obj (.text:ConfigureSettings)
                  00009052    00000290     main.obj (.text:main)
                  000092e2    00000286     rts430_eabi.lib : frcmpyd.c.obj (.text:__TI_frcmpyd)
                  00009568    0000026e                     : mpyd.c.obj (.text:__mspabi_mpyd)
                  000097d6    00000260                     : frcaddd.c.obj (.text:__TI_frcaddd)
                  00009a36    0000023c     main.obj (.text:ReadSensors)
                  00009c72    00000238     rts430_eabi.lib : divd.c.obj (.text:__mspabi_divd)
                  00009eaa    00000168     main.obj (.text:moveMotorOne)
                  0000a012    0000014e     main.obj (.text:moveMotorTwo)
                  0000a160    000000dc     rts430_eabi.lib : cmpd.c.obj (.text:__mspabi_cmpd)
                  0000a23c    000000c4     main.obj (.text:outputDigits)
                  0000a300    000000be     rts430_eabi.lib : renormd.c.obj (.text:__TI_renormd)
                  0000a3be    000000ac                     : fltlid.c.obj (.text:__mspabi_fltlid)
                  0000a46a    00000096     main.obj (.text:lcd_command)
                  0000a500    0000007c     rts430_eabi.lib : copy_decompress_lzss.c.obj (.text:decompress:lzss:__TI_decompress_lzss)
                  0000a57c    00000072                     : fixdli.c.obj (.text:__mspabi_fixdli)
                  0000a5ee    0000006e     main.obj (.text:dac_write)
                  0000a65c    0000006a     main.obj (.text:lcd_char)
                  0000a6c6    0000005c     rts430_eabi.lib : lsr32.asm.obj (.text:l_lsr_const)
                  0000a722    0000004c                     : lsr16.asm.obj (.text)
                  0000a76e    00000048     main.obj (.text:centerMotorOne)
                  0000a7b6    00000046     main.obj (.text:zeroMotorOne)
                  0000a7fc    00000042     rts430_eabi.lib : autoinit.c.obj (.text:__TI_auto_init_nobinit_nopinit:__TI_auto_init_nobinit_nopinit)
                  0000a83e    00000042     main.obj (.text:centerMotorTwo)
                  0000a880    00000040     main.obj (.text:zeroMotorTwo)
                  0000a8c0    0000003e     rts430_eabi.lib : asr32.asm.obj (.text:l_asr_const)
                  0000a8fe    0000003e                     : lsl32.asm.obj (.text:l_lsl_const)
                  0000a93c    0000003a     main.obj (.text:lcd_init)
                  0000a976    0000002e     rts430_eabi.lib : subd.c.obj (.text:__mspabi_subd)
                  0000a9a4    0000002c                     : asr16.asm.obj (.text)
                  0000a9d0    0000002c                     : div16s.asm.obj (.text)
                  0000a9fc    0000002c                     : lsl16.asm.obj (.text)
                  0000aa28    00000028                     : fixdi.c.obj (.text:__mspabi_fixdi)
                  0000aa50    00000028     main.obj (.text:outputAlert)
                  0000aa78    00000026     rts430_eabi.lib : mult32.asm.obj (.text)
                  0000aa9e    00000024     main.obj (.text:ADCInit)
                  0000aac2    0000001e     main.obj (.text:IOInit)
                  0000aae0    0000001c     rts430_eabi.lib : boot.c.obj (.text:_c_int00_noargs)
                  0000aafc    00000016                     : div16u.asm.obj (.text)
                  0000ab12    00000014                     : copy_zero_init.c.obj (.text:decompress:ZI:__TI_zero_init_nomemset:__TI_zero_init_nomemset)
                  0000ab26    00000014                     : mult16.asm.obj (.text)
                  0000ab3a    00000012                     : copy_decompress_none.c.obj (.text:decompress:none:__TI_decompress_none)
                  0000ab4c    00000012                     : lsr32.asm.obj (.text:l_lsr)
                  0000ab5e    00000012                     : memcpy.c.obj (.text:memcpy)
                  0000ab70    00000010                     : asr32.asm.obj (.text:l_asr)
                  0000ab80    00000010                     : lsl32.asm.obj (.text:l_lsl)
                  0000ab90    00000010     main.obj (.text:motorInit)
                  0000aba0    00000010     rts430_eabi.lib : epilog.asm.obj (.text)
                  0000abb0    0000000c                     : fltid.c.obj (.text:__mspabi_fltid)
                  0000abbc    00000008     main.obj (.text:ADC10_ISR)
                  0000abc4    00000008     rts430_eabi.lib : isr_trap.asm.obj (.text:_isr:__TI_ISR_TRAP)
                  0000abcc    00000006                     : exit.c.obj (.text:abort)
                  0000abd2    00000004                     : pre_init.c.obj (.text:_system_pre_init)
                  0000abd6    00000002                     : startup.c.obj (.text:_system_post_cinit)

.cinit     0    0000abd8    00000082     
                  0000abd8    00000070     (.cinit..data.load) [load image, compression = lzss]
                  0000ac48    00000006     (__TI_handler_table)
                  0000ac4e    00000004     (.cinit..bss.load) [load image, compression = zero_init]
                  0000ac52    00000008     (__TI_cinit_table)

.binit     0    00008000    00000000     

.init_array 
*          0    00008000    00000000     UNINITIALIZED

PORT1      0    0000ffe4    00000002     
                  0000ffe4    00000002     rts430_eabi.lib : int02.asm.obj (.int02)

PORT2      0    0000ffe6    00000002     
                  0000ffe6    00000002     rts430_eabi.lib : int03.asm.obj (.int03)

ADC10      0    0000ffea    00000002     
                  0000ffea    00000002     main.obj (.int05)

USCIAB0TX 
*          0    0000ffec    00000002     
                  0000ffec    00000002     rts430_eabi.lib : int06.asm.obj (.int06)

USCIAB0RX 
*          0    0000ffee    00000002     
                  0000ffee    00000002     rts430_eabi.lib : int07.asm.obj (.int07)

TIMERA1    0    0000fff0    00000002     
                  0000fff0    00000002     rts430_eabi.lib : int08.asm.obj (.int08)

TIMERA0    0    0000fff2    00000002     
                  0000fff2    00000002     rts430_eabi.lib : int09.asm.obj (.int09)

WDT        0    0000fff4    00000002     
                  0000fff4    00000002     rts430_eabi.lib : int10.asm.obj (.int10)

TIMERB1    0    0000fff8    00000002     
                  0000fff8    00000002     rts430_eabi.lib : int12.asm.obj (.int12)

TIMERB0    0    0000fffa    00000002     
                  0000fffa    00000002     rts430_eabi.lib : int13.asm.obj (.int13)

NMI        0    0000fffc    00000002     
                  0000fffc    00000002     rts430_eabi.lib : int14.asm.obj (.int14)

.reset     0    0000fffe    00000002     
                  0000fffe    00000002     rts430_eabi.lib : boot.c.obj (.reset)

$fill000   0    0000ffde    00000002     
                  0000ffde    00000002     --HOLE-- [fill = ffff]

MODULE SUMMARY

       Module                       code    ro data   rw data
       ------                       ----    -------   -------
    .\
       main.obj                     3620    2         151    
    +--+----------------------------+-------+---------+---------+
       Total:                       3620    2         151    
                                                             
    C:\ti\ccs901\ccs\tools\compiler\ti-cgt-msp430_18.12.1.LTS\lib\rts430_eabi.lib
       e_log.c.obj                  1596    0         0      
       frcdivd.c.obj                1144    0         0      
       addd.c.obj                   762     0         0      
       frcmpyd.c.obj                646     0         0      
       mpyd.c.obj                   622     0         0      
       frcaddd.c.obj                608     0         0      
       divd.c.obj                   568     0         0      
       cmpd.c.obj                   220     0         0      
       renormd.c.obj                190     0         0      
       fltlid.c.obj                 172     0         0      
       copy_decompress_lzss.c.obj   124     0         0      
       fixdli.c.obj                 114     0         0      
       lsr32.asm.obj                110     0         0      
       asr32.asm.obj                78      0         0      
       lsl32.asm.obj                78      0         0      
       lsr16.asm.obj                76      0         0      
       autoinit.c.obj               66      0         0      
       subd.c.obj                   46      0         0      
       asr16.asm.obj                44      0         0      
       div16s.asm.obj               44      0         0      
       lsl16.asm.obj                44      0         0      
       fixdi.c.obj                  40      0         0      
       mult32.asm.obj               38      0         0      
       boot.c.obj                   28      2         0      
       div16u.asm.obj               22      0         0      
       copy_zero_init.c.obj         20      0         0      
       mult16.asm.obj               20      0         0      
       copy_decompress_none.c.obj   18      0         0      
       memcpy.c.obj                 18      0         0      
       epilog.asm.obj               16      0         0      
       fltid.c.obj                  12      0         0      
       isr_trap.asm.obj             8       0         0      
       exit.c.obj                   6       0         0      
       pre_init.c.obj               4       0         0      
       errno.c.obj                  0       0         2      
       int02.asm.obj                0       2         0      
       int03.asm.obj                0       2         0      
       int06.asm.obj                0       2         0      
       int07.asm.obj                0       2         0      
       int08.asm.obj                0       2         0      
       int09.asm.obj                0       2         0      
       int10.asm.obj                0       2         0      
       int12.asm.obj                0       2         0      
       int13.asm.obj                0       2         0      
       int14.asm.obj                0       2         0      
       startup.c.obj                2       0         0      
    +--+----------------------------+-------+---------+---------+
       Total:                       7604    22        2      
                                                             
       Stack:                       0       0         80     
       Linker Generated:            0       130       0      
    +--+----------------------------+-------+---------+---------+
       Grand Total:                 11224   154       233    


LINKER GENERATED COPY TABLES

__TI_cinit_table @ 0000ac52 records: 2, size/record: 4, table size: 8
	.data: load addr=0000abd8, load size=00000070 bytes, run addr=00000200, run size=0000007e bytes, compression=lzss
	.bss: load addr=0000ac4e, load size=00000004 bytes, run addr=0000027e, run size=0000001b bytes, compression=zero_init


LINKER GENERATED HANDLER TABLE

__TI_handler_table @ 0000ac48 records: 3, size/record: 2, table size: 6
	index: 0, handler: __TI_zero_init
	index: 1, handler: __TI_decompress_lzss
	index: 2, handler: __TI_decompress_none


GLOBAL SYMBOLS: SORTED ALPHABETICALLY BY Name 

address   name                          
-------   ----                          
0000004a  ADC10AE0                      
0000004b  ADC10AE1                      
000001b0  ADC10CTL0                     
000001b2  ADC10CTL1                     
00000048  ADC10DTC0                     
00000049  ADC10DTC1                     
000001b4  ADC10MEM                      
000001bc  ADC10SA                       
0000abbc  ADC10_ISR                     
00000262  ADCBuffer                     
0000aa9e  ADCInit                       
0000024e  ADCaccumulator                
00000252  ADCcheck                      
00000057  BCSCTL1                       
00000058  BCSCTL2                       
00000053  BCSCTL3                       
0000abcc  C$$EXIT                       
000010fb  CALBC1_12MHZ                  
000010f9  CALBC1_16MHZ                  
000010ff  CALBC1_1MHZ                   
000010fd  CALBC1_8MHZ                   
000010fa  CALDCO_12MHZ                  
000010f8  CALDCO_16MHZ                  
000010fe  CALDCO_1MHZ                   
000010fc  CALDCO_8MHZ                   
00008dae  ConfigureSettings             
00000056  DCOCTL                        
00000128  FCTL1                         
0000012a  FCTL2                         
0000012c  FCTL3                         
00000000  IE1                           
00000001  IE2                           
00000002  IFG1                          
00000003  IFG2                          
0000aac2  IOInit                        
000000c0  OA0CTL0                       
000000c1  OA0CTL1                       
000000c2  OA1CTL0                       
000000c3  OA1CTL1                       
00000022  P1DIR                         
00000025  P1IE                          
00000024  P1IES                         
00000023  P1IFG                         
00000020  P1IN                          
00000021  P1OUT                         
00000027  P1REN                         
00000026  P1SEL                         
0000002a  P2DIR                         
0000002d  P2IE                          
0000002c  P2IES                         
0000002b  P2IFG                         
00000028  P2IN                          
00000029  P2OUT                         
0000002f  P2REN                         
0000002e  P2SEL                         
0000001a  P3DIR                         
00000018  P3IN                          
00000019  P3OUT                         
00000010  P3REN                         
0000001b  P3SEL                         
0000001e  P4DIR                         
0000001c  P4IN                          
0000001d  P4OUT                         
00000011  P4REN                         
0000001f  P4SEL                         
00009a36  ReadSensors                   
00000172  TACCR0                        
00000174  TACCR1                        
00000176  TACCR2                        
00000162  TACCTL0                       
00000164  TACCTL1                       
00000166  TACCTL2                       
00000160  TACTL                         
0000012e  TAIV                          
00000170  TAR                           
00000192  TBCCR0                        
00000194  TBCCR1                        
00000196  TBCCR2                        
00000182  TBCCTL0                       
00000184  TBCCTL1                       
00000186  TBCCTL2                       
00000180  TBCTL                         
0000011e  TBIV                          
00000190  TBR                           
0000005d  UCA0ABCTL                     
00000062  UCA0BR0                       
00000063  UCA0BR1                       
00000060  UCA0CTL0                      
00000061  UCA0CTL1                      
0000005f  UCA0IRRCTL                    
0000005e  UCA0IRTCTL                    
00000064  UCA0MCTL                      
00000066  UCA0RXBUF                     
00000065  UCA0STAT                      
00000067  UCA0TXBUF                     
0000006a  UCB0BR0                       
0000006b  UCB0BR1                       
00000068  UCB0CTL0                      
00000069  UCB0CTL1                      
0000006c  UCB0I2CIE                     
00000118  UCB0I2COA                     
0000011a  UCB0I2CSA                     
0000006e  UCB0RXBUF                     
0000006d  UCB0STAT                      
0000006f  UCB0TXBUF                     
00000120  WDTCTL                        
00000600  __STACK_END                   
00000050  __STACK_SIZE                  
0000ac52  __TI_CINIT_Base               
0000ac5a  __TI_CINIT_Limit              
0000ac48  __TI_Handler_Table_Base       
0000ac4e  __TI_Handler_Table_Limit      
0000abc4  __TI_ISR_TRAP                 
0000a7fc  __TI_auto_init_nobinit_nopinit
0000a500  __TI_decompress_lzss          
0000ab3a  __TI_decompress_none          
000097d6  __TI_frcaddd                  
0000863c  __TI_frcdivd                  
000092e2  __TI_frcmpyd                  
0000ffe4  __TI_int02                    
0000ffe6  __TI_int03                    
0000ffea  __TI_int05                    
0000ffec  __TI_int06                    
0000ffee  __TI_int07                    
0000fff0  __TI_int08                    
0000fff2  __TI_int09                    
0000fff4  __TI_int10                    
0000fff8  __TI_int12                    
0000fffa  __TI_int13                    
0000fffc  __TI_int14                    
ffffffff  __TI_pprof_out_hndl           
ffffffff  __TI_prof_data_size           
ffffffff  __TI_prof_data_start          
0000a300  __TI_renormd                  
0000ab12  __TI_zero_init_nomemset       
ffffffff  __c_args__                    
00008ab4  __mspabi_addd                 
0000a160  __mspabi_cmpd                 
00009c72  __mspabi_divd                 
0000a9d0  __mspabi_divi                 
0000aafc  __mspabi_divu                 
0000aa28  __mspabi_fixdi                
0000a57c  __mspabi_fixdli               
0000abb0  __mspabi_fltid                
0000a3be  __mspabi_fltlid               
0000abac  __mspabi_func_epilog_1        
0000abaa  __mspabi_func_epilog_2        
0000aba8  __mspabi_func_epilog_3        
0000aba6  __mspabi_func_epilog_4        
0000aba4  __mspabi_func_epilog_5        
0000aba2  __mspabi_func_epilog_6        
0000aba0  __mspabi_func_epilog_7        
00009568  __mspabi_mpyd                 
0000ab26  __mspabi_mpyi                 
0000ab26  __mspabi_mpyi_sw              
0000aa78  __mspabi_mpyl                 
0000aa78  __mspabi_mpyl_sw              
0000a9d0  __mspabi_remi                 
0000aafc  __mspabi_remu                 
0000a9fc  __mspabi_slli                 
0000aa24  __mspabi_slli_1               
0000aa12  __mspabi_slli_10              
0000aa10  __mspabi_slli_11              
0000aa0e  __mspabi_slli_12              
0000aa0c  __mspabi_slli_13              
0000aa0a  __mspabi_slli_14              
0000aa08  __mspabi_slli_15              
0000aa22  __mspabi_slli_2               
0000aa20  __mspabi_slli_3               
0000aa1e  __mspabi_slli_4               
0000aa1c  __mspabi_slli_5               
0000aa1a  __mspabi_slli_6               
0000aa18  __mspabi_slli_7               
0000aa16  __mspabi_slli_8               
0000aa14  __mspabi_slli_9               
0000ab80  __mspabi_slll                 
0000a936  __mspabi_slll_1               
0000a912  __mspabi_slll_10              
0000a90e  __mspabi_slll_11              
0000a90a  __mspabi_slll_12              
0000a906  __mspabi_slll_13              
0000a902  __mspabi_slll_14              
0000a8fe  __mspabi_slll_15              
0000a932  __mspabi_slll_2               
0000a92e  __mspabi_slll_3               
0000a92a  __mspabi_slll_4               
0000a926  __mspabi_slll_5               
0000a922  __mspabi_slll_6               
0000a91e  __mspabi_slll_7               
0000a91a  __mspabi_slll_8               
0000a916  __mspabi_slll_9               
0000a9a4  __mspabi_srai                 
0000a9cc  __mspabi_srai_1               
0000a9ba  __mspabi_srai_10              
0000a9b8  __mspabi_srai_11              
0000a9b6  __mspabi_srai_12              
0000a9b4  __mspabi_srai_13              
0000a9b2  __mspabi_srai_14              
0000a9b0  __mspabi_srai_15              
0000a9ca  __mspabi_srai_2               
0000a9c8  __mspabi_srai_3               
0000a9c6  __mspabi_srai_4               
0000a9c4  __mspabi_srai_5               
0000a9c2  __mspabi_srai_6               
0000a9c0  __mspabi_srai_7               
0000a9be  __mspabi_srai_8               
0000a9bc  __mspabi_srai_9               
0000ab70  __mspabi_sral                 
0000a8f8  __mspabi_sral_1               
0000a8d4  __mspabi_sral_10              
0000a8d0  __mspabi_sral_11              
0000a8cc  __mspabi_sral_12              
0000a8c8  __mspabi_sral_13              
0000a8c4  __mspabi_sral_14              
0000a8c0  __mspabi_sral_15              
0000a8f4  __mspabi_sral_2               
0000a8f0  __mspabi_sral_3               
0000a8ec  __mspabi_sral_4               
0000a8e8  __mspabi_sral_5               
0000a8e4  __mspabi_sral_6               
0000a8e0  __mspabi_sral_7               
0000a8dc  __mspabi_sral_8               
0000a8d8  __mspabi_sral_9               
0000a722  __mspabi_srli                 
0000a768  __mspabi_srli_1               
0000a744  __mspabi_srli_10              
0000a740  __mspabi_srli_11              
0000a73c  __mspabi_srli_12              
0000a738  __mspabi_srli_13              
0000a734  __mspabi_srli_14              
0000a730  __mspabi_srli_15              
0000a764  __mspabi_srli_2               
0000a760  __mspabi_srli_3               
0000a75c  __mspabi_srli_4               
0000a758  __mspabi_srli_5               
0000a754  __mspabi_srli_6               
0000a750  __mspabi_srli_7               
0000a74c  __mspabi_srli_8               
0000a748  __mspabi_srli_9               
0000ab4c  __mspabi_srll                 
0000a71a  __mspabi_srll_1               
0000a6e4  __mspabi_srll_10              
0000a6de  __mspabi_srll_11              
0000a6d8  __mspabi_srll_12              
0000a6d2  __mspabi_srll_13              
0000a6cc  __mspabi_srll_14              
0000a6c6  __mspabi_srll_15              
0000a714  __mspabi_srll_2               
0000a70e  __mspabi_srll_3               
0000a708  __mspabi_srll_4               
0000a702  __mspabi_srll_5               
0000a6fc  __mspabi_srll_6               
0000a6f6  __mspabi_srll_7               
0000a6f0  __mspabi_srll_8               
0000a6ea  __mspabi_srll_9               
0000a976  __mspabi_subd                 
0000aae0  _c_int00_noargs               
0000fffe  _reset_vector                 
000005b0  _stack                        
0000abd6  _system_post_cinit            
0000abd2  _system_pre_init              
0000abcc  abort                         
00000260  alertCount                    
0000024c  avgADC                        
0000027e  celsius                       
0000a76e  centerMotorOne                
0000a83e  centerMotorTwo                
0000026c  clockwise                     
00000274  counterClockwise              
0000a5ee  dac_write                     
0000027c  errno                         
00000286  farenheit                     
0000024a  frequencyIndex                
00000296  i                             
0000028e  kelvin                        
0000a65c  lcd_char                      
0000a46a  lcd_command                   
0000a93c  lcd_init                      
00008000  log                           
00008000  logl                          
00000244  lowerSoilLimit                
00000246  lowerTempLimit                
00009052  main                          
0000ab5e  memcpy                        
0000ab90  motorInit                     
00000254  motorOnePosition              
00000256  motorTwoPosition              
00009eaa  moveMotorOne                  
0000a012  moveMotorTwo                  
00000250  oldAvgADC                     
0000aa50  outputAlert                   
0000a23c  outputDigits                  
00000200  sineData                      
00000258  soilMoisturePercentage        
00000240  soilProbeReading              
00000242  thermistorReading             
00000298  uf_lcd_temp                   
00000248  upperTempLimit                
0000a7b6  zeroMotorOne                  
0000a880  zeroMotorTwo                  


GLOBAL SYMBOLS: SORTED BY Symbol Address 

address   name                          
-------   ----                          
00000000  IE1                           
00000001  IE2                           
00000002  IFG1                          
00000003  IFG2                          
00000010  P3REN                         
00000011  P4REN                         
00000018  P3IN                          
00000019  P3OUT                         
0000001a  P3DIR                         
0000001b  P3SEL                         
0000001c  P4IN                          
0000001d  P4OUT                         
0000001e  P4DIR                         
0000001f  P4SEL                         
00000020  P1IN                          
00000021  P1OUT                         
00000022  P1DIR                         
00000023  P1IFG                         
00000024  P1IES                         
00000025  P1IE                          
00000026  P1SEL                         
00000027  P1REN                         
00000028  P2IN                          
00000029  P2OUT                         
0000002a  P2DIR                         
0000002b  P2IFG                         
0000002c  P2IES                         
0000002d  P2IE                          
0000002e  P2SEL                         
0000002f  P2REN                         
00000048  ADC10DTC0                     
00000049  ADC10DTC1                     
0000004a  ADC10AE0                      
0000004b  ADC10AE1                      
00000050  __STACK_SIZE                  
00000053  BCSCTL3                       
00000056  DCOCTL                        
00000057  BCSCTL1                       
00000058  BCSCTL2                       
0000005d  UCA0ABCTL                     
0000005e  UCA0IRTCTL                    
0000005f  UCA0IRRCTL                    
00000060  UCA0CTL0                      
00000061  UCA0CTL1                      
00000062  UCA0BR0                       
00000063  UCA0BR1                       
00000064  UCA0MCTL                      
00000065  UCA0STAT                      
00000066  UCA0RXBUF                     
00000067  UCA0TXBUF                     
00000068  UCB0CTL0                      
00000069  UCB0CTL1                      
0000006a  UCB0BR0                       
0000006b  UCB0BR1                       
0000006c  UCB0I2CIE                     
0000006d  UCB0STAT                      
0000006e  UCB0RXBUF                     
0000006f  UCB0TXBUF                     
000000c0  OA0CTL0                       
000000c1  OA0CTL1                       
000000c2  OA1CTL0                       
000000c3  OA1CTL1                       
00000118  UCB0I2COA                     
0000011a  UCB0I2CSA                     
0000011e  TBIV                          
00000120  WDTCTL                        
00000128  FCTL1                         
0000012a  FCTL2                         
0000012c  FCTL3                         
0000012e  TAIV                          
00000160  TACTL                         
00000162  TACCTL0                       
00000164  TACCTL1                       
00000166  TACCTL2                       
00000170  TAR                           
00000172  TACCR0                        
00000174  TACCR1                        
00000176  TACCR2                        
00000180  TBCTL                         
00000182  TBCCTL0                       
00000184  TBCCTL1                       
00000186  TBCCTL2                       
00000190  TBR                           
00000192  TBCCR0                        
00000194  TBCCR1                        
00000196  TBCCR2                        
000001b0  ADC10CTL0                     
000001b2  ADC10CTL1                     
000001b4  ADC10MEM                      
000001bc  ADC10SA                       
00000200  sineData                      
00000240  soilProbeReading              
00000242  thermistorReading             
00000244  lowerSoilLimit                
00000246  lowerTempLimit                
00000248  upperTempLimit                
0000024a  frequencyIndex                
0000024c  avgADC                        
0000024e  ADCaccumulator                
00000250  oldAvgADC                     
00000252  ADCcheck                      
00000254  motorOnePosition              
00000256  motorTwoPosition              
00000258  soilMoisturePercentage        
00000260  alertCount                    
00000262  ADCBuffer                     
0000026c  clockwise                     
00000274  counterClockwise              
0000027c  errno                         
0000027e  celsius                       
00000286  farenheit                     
0000028e  kelvin                        
00000296  i                             
00000298  uf_lcd_temp                   
000005b0  _stack                        
00000600  __STACK_END                   
000010f8  CALDCO_16MHZ                  
000010f9  CALBC1_16MHZ                  
000010fa  CALDCO_12MHZ                  
000010fb  CALBC1_12MHZ                  
000010fc  CALDCO_8MHZ                   
000010fd  CALBC1_8MHZ                   
000010fe  CALDCO_1MHZ                   
000010ff  CALBC1_1MHZ                   
00008000  log                           
00008000  logl                          
0000863c  __TI_frcdivd                  
00008ab4  __mspabi_addd                 
00008dae  ConfigureSettings             
00009052  main                          
000092e2  __TI_frcmpyd                  
00009568  __mspabi_mpyd                 
000097d6  __TI_frcaddd                  
00009a36  ReadSensors                   
00009c72  __mspabi_divd                 
00009eaa  moveMotorOne                  
0000a012  moveMotorTwo                  
0000a160  __mspabi_cmpd                 
0000a23c  outputDigits                  
0000a300  __TI_renormd                  
0000a3be  __mspabi_fltlid               
0000a46a  lcd_command                   
0000a500  __TI_decompress_lzss          
0000a57c  __mspabi_fixdli               
0000a5ee  dac_write                     
0000a65c  lcd_char                      
0000a6c6  __mspabi_srll_15              
0000a6cc  __mspabi_srll_14              
0000a6d2  __mspabi_srll_13              
0000a6d8  __mspabi_srll_12              
0000a6de  __mspabi_srll_11              
0000a6e4  __mspabi_srll_10              
0000a6ea  __mspabi_srll_9               
0000a6f0  __mspabi_srll_8               
0000a6f6  __mspabi_srll_7               
0000a6fc  __mspabi_srll_6               
0000a702  __mspabi_srll_5               
0000a708  __mspabi_srll_4               
0000a70e  __mspabi_srll_3               
0000a714  __mspabi_srll_2               
0000a71a  __mspabi_srll_1               
0000a722  __mspabi_srli                 
0000a730  __mspabi_srli_15              
0000a734  __mspabi_srli_14              
0000a738  __mspabi_srli_13              
0000a73c  __mspabi_srli_12              
0000a740  __mspabi_srli_11              
0000a744  __mspabi_srli_10              
0000a748  __mspabi_srli_9               
0000a74c  __mspabi_srli_8               
0000a750  __mspabi_srli_7               
0000a754  __mspabi_srli_6               
0000a758  __mspabi_srli_5               
0000a75c  __mspabi_srli_4               
0000a760  __mspabi_srli_3               
0000a764  __mspabi_srli_2               
0000a768  __mspabi_srli_1               
0000a76e  centerMotorOne                
0000a7b6  zeroMotorOne                  
0000a7fc  __TI_auto_init_nobinit_nopinit
0000a83e  centerMotorTwo                
0000a880  zeroMotorTwo                  
0000a8c0  __mspabi_sral_15              
0000a8c4  __mspabi_sral_14              
0000a8c8  __mspabi_sral_13              
0000a8cc  __mspabi_sral_12              
0000a8d0  __mspabi_sral_11              
0000a8d4  __mspabi_sral_10              
0000a8d8  __mspabi_sral_9               
0000a8dc  __mspabi_sral_8               
0000a8e0  __mspabi_sral_7               
0000a8e4  __mspabi_sral_6               
0000a8e8  __mspabi_sral_5               
0000a8ec  __mspabi_sral_4               
0000a8f0  __mspabi_sral_3               
0000a8f4  __mspabi_sral_2               
0000a8f8  __mspabi_sral_1               
0000a8fe  __mspabi_slll_15              
0000a902  __mspabi_slll_14              
0000a906  __mspabi_slll_13              
0000a90a  __mspabi_slll_12              
0000a90e  __mspabi_slll_11              
0000a912  __mspabi_slll_10              
0000a916  __mspabi_slll_9               
0000a91a  __mspabi_slll_8               
0000a91e  __mspabi_slll_7               
0000a922  __mspabi_slll_6               
0000a926  __mspabi_slll_5               
0000a92a  __mspabi_slll_4               
0000a92e  __mspabi_slll_3               
0000a932  __mspabi_slll_2               
0000a936  __mspabi_slll_1               
0000a93c  lcd_init                      
0000a976  __mspabi_subd                 
0000a9a4  __mspabi_srai                 
0000a9b0  __mspabi_srai_15              
0000a9b2  __mspabi_srai_14              
0000a9b4  __mspabi_srai_13              
0000a9b6  __mspabi_srai_12              
0000a9b8  __mspabi_srai_11              
0000a9ba  __mspabi_srai_10              
0000a9bc  __mspabi_srai_9               
0000a9be  __mspabi_srai_8               
0000a9c0  __mspabi_srai_7               
0000a9c2  __mspabi_srai_6               
0000a9c4  __mspabi_srai_5               
0000a9c6  __mspabi_srai_4               
0000a9c8  __mspabi_srai_3               
0000a9ca  __mspabi_srai_2               
0000a9cc  __mspabi_srai_1               
0000a9d0  __mspabi_divi                 
0000a9d0  __mspabi_remi                 
0000a9fc  __mspabi_slli                 
0000aa08  __mspabi_slli_15              
0000aa0a  __mspabi_slli_14              
0000aa0c  __mspabi_slli_13              
0000aa0e  __mspabi_slli_12              
0000aa10  __mspabi_slli_11              
0000aa12  __mspabi_slli_10              
0000aa14  __mspabi_slli_9               
0000aa16  __mspabi_slli_8               
0000aa18  __mspabi_slli_7               
0000aa1a  __mspabi_slli_6               
0000aa1c  __mspabi_slli_5               
0000aa1e  __mspabi_slli_4               
0000aa20  __mspabi_slli_3               
0000aa22  __mspabi_slli_2               
0000aa24  __mspabi_slli_1               
0000aa28  __mspabi_fixdi                
0000aa50  outputAlert                   
0000aa78  __mspabi_mpyl                 
0000aa78  __mspabi_mpyl_sw              
0000aa9e  ADCInit                       
0000aac2  IOInit                        
0000aae0  _c_int00_noargs               
0000aafc  __mspabi_divu                 
0000aafc  __mspabi_remu                 
0000ab12  __TI_zero_init_nomemset       
0000ab26  __mspabi_mpyi                 
0000ab26  __mspabi_mpyi_sw              
0000ab3a  __TI_decompress_none          
0000ab4c  __mspabi_srll                 
0000ab5e  memcpy                        
0000ab70  __mspabi_sral                 
0000ab80  __mspabi_slll                 
0000ab90  motorInit                     
0000aba0  __mspabi_func_epilog_7        
0000aba2  __mspabi_func_epilog_6        
0000aba4  __mspabi_func_epilog_5        
0000aba6  __mspabi_func_epilog_4        
0000aba8  __mspabi_func_epilog_3        
0000abaa  __mspabi_func_epilog_2        
0000abac  __mspabi_func_epilog_1        
0000abb0  __mspabi_fltid                
0000abbc  ADC10_ISR                     
0000abc4  __TI_ISR_TRAP                 
0000abcc  C$$EXIT                       
0000abcc  abort                         
0000abd2  _system_pre_init              
0000abd6  _system_post_cinit            
0000ac48  __TI_Handler_Table_Base       
0000ac4e  __TI_Handler_Table_Limit      
0000ac52  __TI_CINIT_Base               
0000ac5a  __TI_CINIT_Limit              
0000ffe4  __TI_int02                    
0000ffe6  __TI_int03                    
0000ffea  __TI_int05                    
0000ffec  __TI_int06                    
0000ffee  __TI_int07                    
0000fff0  __TI_int08                    
0000fff2  __TI_int09                    
0000fff4  __TI_int10                    
0000fff8  __TI_int12                    
0000fffa  __TI_int13                    
0000fffc  __TI_int14                    
0000fffe  _reset_vector                 
ffffffff  __TI_pprof_out_hndl           
ffffffff  __TI_prof_data_size           
ffffffff  __TI_prof_data_start          
ffffffff  __c_args__                    

[300 symbols]
