<?xml version="1.0" encoding="ISO-8859-1" ?>
<link_info>
   <banner>MSP430 Linker PC v18.12.1.LTS</banner>
   <copyright>Copyright (c) 2003-2018 Texas Instruments Incorporated</copyright>
   <link_time>0x5d4c7ba0</link_time>
   <link_errors>0x0</link_errors>
   <output_file>SmartGarden.out</output_file>
   <entry_point>
      <name>_c_int00_noargs</name>
      <address>0xaae0</address>
   </entry_point>
   <input_file_list>
      <input_file id="fl-2">
         <path>.\</path>
         <kind>object</kind>
         <file>main.obj</file>
         <name>main.obj</name>
      </input_file>
      <input_file id="fl-7">
         <kind>object</kind>
         <file>&lt;internal&gt;</file>
         <name>&lt;internal&gt;</name>
      </input_file>
      <input_file id="fl-1d">
         <path>C:\ti\ccs901\ccs\tools\compiler\ti-cgt-msp430_18.12.1.LTS\lib\</path>
         <kind>archive</kind>
         <file>rts430_eabi.lib</file>
         <name>e_log.c.obj</name>
      </input_file>
      <input_file id="fl-1e">
         <path>C:\ti\ccs901\ccs\tools\compiler\ti-cgt-msp430_18.12.1.LTS\lib\</path>
         <kind>archive</kind>
         <file>rts430_eabi.lib</file>
         <name>asr16.asm.obj</name>
      </input_file>
      <input_file id="fl-1f">
         <path>C:\ti\ccs901\ccs\tools\compiler\ti-cgt-msp430_18.12.1.LTS\lib\</path>
         <kind>archive</kind>
         <file>rts430_eabi.lib</file>
         <name>div16s.asm.obj</name>
      </input_file>
      <input_file id="fl-20">
         <path>C:\ti\ccs901\ccs\tools\compiler\ti-cgt-msp430_18.12.1.LTS\lib\</path>
         <kind>archive</kind>
         <file>rts430_eabi.lib</file>
         <name>div16u.asm.obj</name>
      </input_file>
      <input_file id="fl-21">
         <path>C:\ti\ccs901\ccs\tools\compiler\ti-cgt-msp430_18.12.1.LTS\lib\</path>
         <kind>archive</kind>
         <file>rts430_eabi.lib</file>
         <name>epilog.asm.obj</name>
      </input_file>
      <input_file id="fl-22">
         <path>C:\ti\ccs901\ccs\tools\compiler\ti-cgt-msp430_18.12.1.LTS\lib\</path>
         <kind>archive</kind>
         <file>rts430_eabi.lib</file>
         <name>int02.asm.obj</name>
      </input_file>
      <input_file id="fl-23">
         <path>C:\ti\ccs901\ccs\tools\compiler\ti-cgt-msp430_18.12.1.LTS\lib\</path>
         <kind>archive</kind>
         <file>rts430_eabi.lib</file>
         <name>int03.asm.obj</name>
      </input_file>
      <input_file id="fl-24">
         <path>C:\ti\ccs901\ccs\tools\compiler\ti-cgt-msp430_18.12.1.LTS\lib\</path>
         <kind>archive</kind>
         <file>rts430_eabi.lib</file>
         <name>int06.asm.obj</name>
      </input_file>
      <input_file id="fl-25">
         <path>C:\ti\ccs901\ccs\tools\compiler\ti-cgt-msp430_18.12.1.LTS\lib\</path>
         <kind>archive</kind>
         <file>rts430_eabi.lib</file>
         <name>int07.asm.obj</name>
      </input_file>
      <input_file id="fl-26">
         <path>C:\ti\ccs901\ccs\tools\compiler\ti-cgt-msp430_18.12.1.LTS\lib\</path>
         <kind>archive</kind>
         <file>rts430_eabi.lib</file>
         <name>int08.asm.obj</name>
      </input_file>
      <input_file id="fl-27">
         <path>C:\ti\ccs901\ccs\tools\compiler\ti-cgt-msp430_18.12.1.LTS\lib\</path>
         <kind>archive</kind>
         <file>rts430_eabi.lib</file>
         <name>int09.asm.obj</name>
      </input_file>
      <input_file id="fl-28">
         <path>C:\ti\ccs901\ccs\tools\compiler\ti-cgt-msp430_18.12.1.LTS\lib\</path>
         <kind>archive</kind>
         <file>rts430_eabi.lib</file>
         <name>int10.asm.obj</name>
      </input_file>
      <input_file id="fl-29">
         <path>C:\ti\ccs901\ccs\tools\compiler\ti-cgt-msp430_18.12.1.LTS\lib\</path>
         <kind>archive</kind>
         <file>rts430_eabi.lib</file>
         <name>int12.asm.obj</name>
      </input_file>
      <input_file id="fl-2a">
         <path>C:\ti\ccs901\ccs\tools\compiler\ti-cgt-msp430_18.12.1.LTS\lib\</path>
         <kind>archive</kind>
         <file>rts430_eabi.lib</file>
         <name>int13.asm.obj</name>
      </input_file>
      <input_file id="fl-2b">
         <path>C:\ti\ccs901\ccs\tools\compiler\ti-cgt-msp430_18.12.1.LTS\lib\</path>
         <kind>archive</kind>
         <file>rts430_eabi.lib</file>
         <name>int14.asm.obj</name>
      </input_file>
      <input_file id="fl-2c">
         <path>C:\ti\ccs901\ccs\tools\compiler\ti-cgt-msp430_18.12.1.LTS\lib\</path>
         <kind>archive</kind>
         <file>rts430_eabi.lib</file>
         <name>isr_trap.asm.obj</name>
      </input_file>
      <input_file id="fl-2d">
         <path>C:\ti\ccs901\ccs\tools\compiler\ti-cgt-msp430_18.12.1.LTS\lib\</path>
         <kind>archive</kind>
         <file>rts430_eabi.lib</file>
         <name>lsl16.asm.obj</name>
      </input_file>
      <input_file id="fl-2e">
         <path>C:\ti\ccs901\ccs\tools\compiler\ti-cgt-msp430_18.12.1.LTS\lib\</path>
         <kind>archive</kind>
         <file>rts430_eabi.lib</file>
         <name>lsr16.asm.obj</name>
      </input_file>
      <input_file id="fl-2f">
         <path>C:\ti\ccs901\ccs\tools\compiler\ti-cgt-msp430_18.12.1.LTS\lib\</path>
         <kind>archive</kind>
         <file>rts430_eabi.lib</file>
         <name>boot.c.obj</name>
      </input_file>
      <input_file id="fl-30">
         <path>C:\ti\ccs901\ccs\tools\compiler\ti-cgt-msp430_18.12.1.LTS\lib\</path>
         <kind>archive</kind>
         <file>rts430_eabi.lib</file>
         <name>autoinit.c.obj</name>
      </input_file>
      <input_file id="fl-31">
         <path>C:\ti\ccs901\ccs\tools\compiler\ti-cgt-msp430_18.12.1.LTS\lib\</path>
         <kind>archive</kind>
         <file>rts430_eabi.lib</file>
         <name>copy_zero_init.c.obj</name>
      </input_file>
      <input_file id="fl-32">
         <path>C:\ti\ccs901\ccs\tools\compiler\ti-cgt-msp430_18.12.1.LTS\lib\</path>
         <kind>archive</kind>
         <file>rts430_eabi.lib</file>
         <name>cpy_tbl.c.obj</name>
      </input_file>
      <input_file id="fl-33">
         <path>C:\ti\ccs901\ccs\tools\compiler\ti-cgt-msp430_18.12.1.LTS\lib\</path>
         <kind>archive</kind>
         <file>rts430_eabi.lib</file>
         <name>mpu_init.c.obj</name>
      </input_file>
      <input_file id="fl-34">
         <path>C:\ti\ccs901\ccs\tools\compiler\ti-cgt-msp430_18.12.1.LTS\lib\</path>
         <kind>archive</kind>
         <file>rts430_eabi.lib</file>
         <name>lsr64.c.obj</name>
      </input_file>
      <input_file id="fl-35">
         <path>C:\ti\ccs901\ccs\tools\compiler\ti-cgt-msp430_18.12.1.LTS\lib\</path>
         <kind>archive</kind>
         <file>rts430_eabi.lib</file>
         <name>pre_init.c.obj</name>
      </input_file>
      <input_file id="fl-36">
         <path>C:\ti\ccs901\ccs\tools\compiler\ti-cgt-msp430_18.12.1.LTS\lib\</path>
         <kind>archive</kind>
         <file>rts430_eabi.lib</file>
         <name>startup.c.obj</name>
      </input_file>
      <input_file id="fl-37">
         <path>C:\ti\ccs901\ccs\tools\compiler\ti-cgt-msp430_18.12.1.LTS\lib\</path>
         <kind>archive</kind>
         <file>rts430_eabi.lib</file>
         <name>copy_decompress_none.c.obj</name>
      </input_file>
      <input_file id="fl-38">
         <path>C:\ti\ccs901\ccs\tools\compiler\ti-cgt-msp430_18.12.1.LTS\lib\</path>
         <kind>archive</kind>
         <file>rts430_eabi.lib</file>
         <name>copy_decompress_lzss.c.obj</name>
      </input_file>
      <input_file id="fl-39">
         <path>C:\ti\ccs901\ccs\tools\compiler\ti-cgt-msp430_18.12.1.LTS\lib\</path>
         <kind>archive</kind>
         <file>rts430_eabi.lib</file>
         <name>addd.c.obj</name>
      </input_file>
      <input_file id="fl-3a">
         <path>C:\ti\ccs901\ccs\tools\compiler\ti-cgt-msp430_18.12.1.LTS\lib\</path>
         <kind>archive</kind>
         <file>rts430_eabi.lib</file>
         <name>cmpd.c.obj</name>
      </input_file>
      <input_file id="fl-3b">
         <path>C:\ti\ccs901\ccs\tools\compiler\ti-cgt-msp430_18.12.1.LTS\lib\</path>
         <kind>archive</kind>
         <file>rts430_eabi.lib</file>
         <name>divd.c.obj</name>
      </input_file>
      <input_file id="fl-3c">
         <path>C:\ti\ccs901\ccs\tools\compiler\ti-cgt-msp430_18.12.1.LTS\lib\</path>
         <kind>archive</kind>
         <file>rts430_eabi.lib</file>
         <name>fixdi.c.obj</name>
      </input_file>
      <input_file id="fl-3d">
         <path>C:\ti\ccs901\ccs\tools\compiler\ti-cgt-msp430_18.12.1.LTS\lib\</path>
         <kind>archive</kind>
         <file>rts430_eabi.lib</file>
         <name>fixdli.c.obj</name>
      </input_file>
      <input_file id="fl-3e">
         <path>C:\ti\ccs901\ccs\tools\compiler\ti-cgt-msp430_18.12.1.LTS\lib\</path>
         <kind>archive</kind>
         <file>rts430_eabi.lib</file>
         <name>fltid.c.obj</name>
      </input_file>
      <input_file id="fl-3f">
         <path>C:\ti\ccs901\ccs\tools\compiler\ti-cgt-msp430_18.12.1.LTS\lib\</path>
         <kind>archive</kind>
         <file>rts430_eabi.lib</file>
         <name>fltlid.c.obj</name>
      </input_file>
      <input_file id="fl-40">
         <path>C:\ti\ccs901\ccs\tools\compiler\ti-cgt-msp430_18.12.1.LTS\lib\</path>
         <kind>archive</kind>
         <file>rts430_eabi.lib</file>
         <name>frcaddd.c.obj</name>
      </input_file>
      <input_file id="fl-41">
         <path>C:\ti\ccs901\ccs\tools\compiler\ti-cgt-msp430_18.12.1.LTS\lib\</path>
         <kind>archive</kind>
         <file>rts430_eabi.lib</file>
         <name>frcdivd.c.obj</name>
      </input_file>
      <input_file id="fl-42">
         <path>C:\ti\ccs901\ccs\tools\compiler\ti-cgt-msp430_18.12.1.LTS\lib\</path>
         <kind>archive</kind>
         <file>rts430_eabi.lib</file>
         <name>mpyd.c.obj</name>
      </input_file>
      <input_file id="fl-43">
         <path>C:\ti\ccs901\ccs\tools\compiler\ti-cgt-msp430_18.12.1.LTS\lib\</path>
         <kind>archive</kind>
         <file>rts430_eabi.lib</file>
         <name>renormd.c.obj</name>
      </input_file>
      <input_file id="fl-44">
         <path>C:\ti\ccs901\ccs\tools\compiler\ti-cgt-msp430_18.12.1.LTS\lib\</path>
         <kind>archive</kind>
         <file>rts430_eabi.lib</file>
         <name>subd.c.obj</name>
      </input_file>
      <input_file id="fl-45">
         <path>C:\ti\ccs901\ccs\tools\compiler\ti-cgt-msp430_18.12.1.LTS\lib\</path>
         <kind>archive</kind>
         <file>rts430_eabi.lib</file>
         <name>exit.c.obj</name>
      </input_file>
      <input_file id="fl-46">
         <path>C:\ti\ccs901\ccs\tools\compiler\ti-cgt-msp430_18.12.1.LTS\lib\</path>
         <kind>archive</kind>
         <file>rts430_eabi.lib</file>
         <name>_lock.c.obj</name>
      </input_file>
      <input_file id="fl-47">
         <path>C:\ti\ccs901\ccs\tools\compiler\ti-cgt-msp430_18.12.1.LTS\lib\</path>
         <kind>archive</kind>
         <file>rts430_eabi.lib</file>
         <name>args_main.c.obj</name>
      </input_file>
      <input_file id="fl-48">
         <path>C:\ti\ccs901\ccs\tools\compiler\ti-cgt-msp430_18.12.1.LTS\lib\</path>
         <kind>archive</kind>
         <file>rts430_eabi.lib</file>
         <name>memcpy.c.obj</name>
      </input_file>
      <input_file id="fl-49">
         <path>C:\ti\ccs901\ccs\tools\compiler\ti-cgt-msp430_18.12.1.LTS\lib\</path>
         <kind>archive</kind>
         <file>rts430_eabi.lib</file>
         <name>errno.c.obj</name>
      </input_file>
      <input_file id="fl-4a">
         <path>C:\ti\ccs901\ccs\tools\compiler\ti-cgt-msp430_18.12.1.LTS\lib\</path>
         <kind>archive</kind>
         <file>rts430_eabi.lib</file>
         <name>asr32.asm.obj</name>
      </input_file>
      <input_file id="fl-4b">
         <path>C:\ti\ccs901\ccs\tools\compiler\ti-cgt-msp430_18.12.1.LTS\lib\</path>
         <kind>archive</kind>
         <file>rts430_eabi.lib</file>
         <name>lsl32.asm.obj</name>
      </input_file>
      <input_file id="fl-4c">
         <path>C:\ti\ccs901\ccs\tools\compiler\ti-cgt-msp430_18.12.1.LTS\lib\</path>
         <kind>archive</kind>
         <file>rts430_eabi.lib</file>
         <name>lsr32.asm.obj</name>
      </input_file>
      <input_file id="fl-4d">
         <path>C:\ti\ccs901\ccs\tools\compiler\ti-cgt-msp430_18.12.1.LTS\lib\</path>
         <kind>archive</kind>
         <file>rts430_eabi.lib</file>
         <name>mult16.asm.obj</name>
      </input_file>
      <input_file id="fl-4e">
         <path>C:\ti\ccs901\ccs\tools\compiler\ti-cgt-msp430_18.12.1.LTS\lib\</path>
         <kind>archive</kind>
         <file>rts430_eabi.lib</file>
         <name>mult32.asm.obj</name>
      </input_file>
      <input_file id="fl-4f">
         <path>C:\ti\ccs901\ccs\tools\compiler\ti-cgt-msp430_18.12.1.LTS\lib\</path>
         <kind>archive</kind>
         <file>rts430_eabi.lib</file>
         <name>exit_gvars.c.obj</name>
      </input_file>
      <input_file id="fl-50">
         <path>C:\ti\ccs901\ccs\tools\compiler\ti-cgt-msp430_18.12.1.LTS\lib\</path>
         <kind>archive</kind>
         <file>rts430_eabi.lib</file>
         <name>frcmpyd.c.obj</name>
      </input_file>
   </input_file_list>
   <object_component_list>
      <object_component id="oc-240">
         <name>.common:uf_lcd_temp</name>
         <uninitialized>true</uninitialized>
         <run_address>0x298</run_address>
         <size>0x1</size>
      </object_component>
      <object_component id="oc-265">
         <name>.common:celsius</name>
         <uninitialized>true</uninitialized>
         <run_address>0x27e</run_address>
         <size>0x8</size>
      </object_component>
      <object_component id="oc-1c6">
         <name>.common:farenheit</name>
         <uninitialized>true</uninitialized>
         <run_address>0x286</run_address>
         <size>0x8</size>
      </object_component>
      <object_component id="oc-264">
         <name>.common:kelvin</name>
         <uninitialized>true</uninitialized>
         <run_address>0x28e</run_address>
         <size>0x8</size>
      </object_component>
      <object_component id="oc-249">
         <name>.common:i</name>
         <uninitialized>true</uninitialized>
         <run_address>0x296</run_address>
         <size>0x2</size>
      </object_component>
      <object_component id="oc-1b1">
         <name>.data</name>
         <load_address>0x240</load_address>
         <run_address>0x240</run_address>
         <size>0x22</size>
         <input_file_ref idref="fl-2"/>
      </object_component>
      <object_component id="oc-255">
         <name>.data:ADCBuffer</name>
         <load_address>0x262</load_address>
         <run_address>0x262</run_address>
         <size>0xa</size>
         <input_file_ref idref="fl-2"/>
      </object_component>
      <object_component id="oc-28d">
         <name>.data:sineData</name>
         <load_address>0x200</load_address>
         <run_address>0x200</run_address>
         <size>0x40</size>
         <input_file_ref idref="fl-2"/>
      </object_component>
      <object_component id="oc-24a">
         <name>.data:counterClockwise</name>
         <load_address>0x274</load_address>
         <run_address>0x274</run_address>
         <size>0x8</size>
         <input_file_ref idref="fl-2"/>
      </object_component>
      <object_component id="oc-24f">
         <name>.data:clockwise</name>
         <load_address>0x26c</load_address>
         <run_address>0x26c</run_address>
         <size>0x8</size>
         <input_file_ref idref="fl-2"/>
      </object_component>
      <object_component id="oc-2de">
         <name>.data</name>
         <load_address>0x27c</load_address>
         <run_address>0x27c</run_address>
         <size>0x2</size>
         <input_file_ref idref="fl-49"/>
      </object_component>
      <object_component id="oc-ac">
         <name>.stack</name>
         <uninitialized>true</uninitialized>
         <run_address>0x5b0</run_address>
         <size>0x2</size>
         <input_file_ref idref="fl-2f"/>
      </object_component>
      <object_component id="oc-3cc">
         <name>.stack</name>
         <uninitialized>true</uninitialized>
         <run_address>0x5b0</run_address>
         <size>0x0</size>
      </object_component>
      <object_component id="oc-258">
         <name>.text:log</name>
         <load_address>0x8000</load_address>
         <run_address>0x8000</run_address>
         <size>0x63c</size>
         <input_file_ref idref="fl-1d"/>
      </object_component>
      <object_component id="oc-299">
         <name>.text:__TI_frcdivd</name>
         <load_address>0x863c</load_address>
         <run_address>0x863c</run_address>
         <size>0x478</size>
         <input_file_ref idref="fl-41"/>
      </object_component>
      <object_component id="oc-25e">
         <name>.text:__mspabi_addd</name>
         <load_address>0x8ab4</load_address>
         <run_address>0x8ab4</run_address>
         <size>0x2fa</size>
         <input_file_ref idref="fl-39"/>
      </object_component>
      <object_component id="oc-1f9">
         <name>.text:ConfigureSettings</name>
         <load_address>0x8dae</load_address>
         <run_address>0x8dae</run_address>
         <size>0x2a4</size>
         <input_file_ref idref="fl-2"/>
      </object_component>
      <object_component id="oc-147">
         <name>.text:main</name>
         <load_address>0x9052</load_address>
         <run_address>0x9052</run_address>
         <size>0x290</size>
         <input_file_ref idref="fl-2"/>
      </object_component>
      <object_component id="oc-26a">
         <name>.text:__TI_frcmpyd</name>
         <load_address>0x92e2</load_address>
         <run_address>0x92e2</run_address>
         <size>0x286</size>
         <input_file_ref idref="fl-50"/>
      </object_component>
      <object_component id="oc-1b4">
         <name>.text:__mspabi_mpyd</name>
         <load_address>0x9568</load_address>
         <run_address>0x9568</run_address>
         <size>0x26e</size>
         <input_file_ref idref="fl-42"/>
      </object_component>
      <object_component id="oc-2e7">
         <name>.text:__TI_frcaddd</name>
         <load_address>0x97d6</load_address>
         <run_address>0x97d6</run_address>
         <size>0x260</size>
         <input_file_ref idref="fl-40"/>
      </object_component>
      <object_component id="oc-1a5">
         <name>.text:ReadSensors</name>
         <load_address>0x9a36</load_address>
         <run_address>0x9a36</run_address>
         <size>0x23c</size>
         <input_file_ref idref="fl-2"/>
      </object_component>
      <object_component id="oc-1e7">
         <name>.text:__mspabi_divd</name>
         <load_address>0x9c72</load_address>
         <run_address>0x9c72</run_address>
         <size>0x238</size>
         <input_file_ref idref="fl-3b"/>
      </object_component>
      <object_component id="oc-1ed">
         <name>.text:moveMotorOne</name>
         <load_address>0x9eaa</load_address>
         <run_address>0x9eaa</run_address>
         <size>0x168</size>
         <input_file_ref idref="fl-2"/>
      </object_component>
      <object_component id="oc-1f3">
         <name>.text:moveMotorTwo</name>
         <load_address>0xa012</load_address>
         <run_address>0xa012</run_address>
         <size>0x14e</size>
         <input_file_ref idref="fl-2"/>
      </object_component>
      <object_component id="oc-1c0">
         <name>.text:__mspabi_cmpd</name>
         <load_address>0xa160</load_address>
         <run_address>0xa160</run_address>
         <size>0xdc</size>
         <input_file_ref idref="fl-3a"/>
      </object_component>
      <object_component id="oc-1db">
         <name>.text:outputDigits</name>
         <load_address>0xa23c</load_address>
         <run_address>0xa23c</run_address>
         <size>0xc4</size>
         <input_file_ref idref="fl-2"/>
      </object_component>
      <object_component id="oc-35e">
         <name>.text:__TI_renormd</name>
         <load_address>0xa300</load_address>
         <run_address>0xa300</run_address>
         <size>0xbe</size>
         <input_file_ref idref="fl-43"/>
      </object_component>
      <object_component id="oc-277">
         <name>.text:__mspabi_fltlid</name>
         <load_address>0xa3be</load_address>
         <run_address>0xa3be</run_address>
         <size>0xac</size>
         <input_file_ref idref="fl-3f"/>
      </object_component>
      <object_component id="oc-175">
         <name>.text:lcd_command</name>
         <load_address>0xa46a</load_address>
         <run_address>0xa46a</run_address>
         <size>0x96</size>
         <input_file_ref idref="fl-2"/>
      </object_component>
      <object_component id="oc-32">
         <name>.text:decompress:lzss:__TI_decompress_lzss</name>
         <load_address>0xa500</load_address>
         <run_address>0xa500</run_address>
         <size>0x7c</size>
         <input_file_ref idref="fl-38"/>
      </object_component>
      <object_component id="oc-286">
         <name>.text:__mspabi_fixdli</name>
         <load_address>0xa57c</load_address>
         <run_address>0xa57c</run_address>
         <size>0x72</size>
         <input_file_ref idref="fl-3d"/>
      </object_component>
      <object_component id="oc-1ab">
         <name>.text:dac_write</name>
         <load_address>0xa5ee</load_address>
         <run_address>0xa5ee</run_address>
         <size>0x6e</size>
         <input_file_ref idref="fl-2"/>
      </object_component>
      <object_component id="oc-1d5">
         <name>.text:lcd_char</name>
         <load_address>0xa65c</load_address>
         <run_address>0xa65c</run_address>
         <size>0x6a</size>
         <input_file_ref idref="fl-2"/>
      </object_component>
      <object_component id="oc-2fe">
         <name>.text:l_lsr_const</name>
         <load_address>0xa6c6</load_address>
         <run_address>0xa6c6</run_address>
         <size>0x5c</size>
         <input_file_ref idref="fl-4c"/>
      </object_component>
      <object_component id="oc-b5">
         <name>.text</name>
         <load_address>0xa722</load_address>
         <run_address>0xa722</run_address>
         <size>0x4c</size>
         <input_file_ref idref="fl-2e"/>
      </object_component>
      <object_component id="oc-187">
         <name>.text:centerMotorOne</name>
         <load_address>0xa76e</load_address>
         <run_address>0xa76e</run_address>
         <size>0x48</size>
         <input_file_ref idref="fl-2"/>
      </object_component>
      <object_component id="oc-193">
         <name>.text:zeroMotorOne</name>
         <load_address>0xa7b6</load_address>
         <run_address>0xa7b6</run_address>
         <size>0x46</size>
         <input_file_ref idref="fl-2"/>
      </object_component>
      <object_component id="oc-20c">
         <name>.text:__TI_auto_init_nobinit_nopinit:__TI_auto_init_nobinit_nopinit</name>
         <load_address>0xa7fc</load_address>
         <run_address>0xa7fc</run_address>
         <size>0x42</size>
         <input_file_ref idref="fl-30"/>
      </object_component>
      <object_component id="oc-18d">
         <name>.text:centerMotorTwo</name>
         <load_address>0xa83e</load_address>
         <run_address>0xa83e</run_address>
         <size>0x42</size>
         <input_file_ref idref="fl-2"/>
      </object_component>
      <object_component id="oc-199">
         <name>.text:zeroMotorTwo</name>
         <load_address>0xa880</load_address>
         <run_address>0xa880</run_address>
         <size>0x40</size>
         <input_file_ref idref="fl-2"/>
      </object_component>
      <object_component id="oc-2ef">
         <name>.text:l_asr_const</name>
         <load_address>0xa8c0</load_address>
         <run_address>0xa8c0</run_address>
         <size>0x3e</size>
         <input_file_ref idref="fl-4a"/>
      </object_component>
      <object_component id="oc-2f9">
         <name>.text:l_lsl_const</name>
         <load_address>0xa8fe</load_address>
         <run_address>0xa8fe</run_address>
         <size>0x3e</size>
         <input_file_ref idref="fl-4b"/>
      </object_component>
      <object_component id="oc-16f">
         <name>.text:lcd_init</name>
         <load_address>0xa93c</load_address>
         <run_address>0xa93c</run_address>
         <size>0x3a</size>
         <input_file_ref idref="fl-2"/>
      </object_component>
      <object_component id="oc-1e1">
         <name>.text:__mspabi_subd</name>
         <load_address>0xa976</load_address>
         <run_address>0xa976</run_address>
         <size>0x2e</size>
         <input_file_ref idref="fl-44"/>
      </object_component>
      <object_component id="oc-241">
         <name>.text</name>
         <load_address>0xa9a4</load_address>
         <run_address>0xa9a4</run_address>
         <size>0x2c</size>
         <input_file_ref idref="fl-1e"/>
      </object_component>
      <object_component id="oc-292">
         <name>.text</name>
         <load_address>0xa9d0</load_address>
         <run_address>0xa9d0</run_address>
         <size>0x2c</size>
         <input_file_ref idref="fl-1f"/>
      </object_component>
      <object_component id="oc-b0">
         <name>.text</name>
         <load_address>0xa9fc</load_address>
         <run_address>0xa9fc</run_address>
         <size>0x2c</size>
         <input_file_ref idref="fl-2d"/>
      </object_component>
      <object_component id="oc-1c9">
         <name>.text:__mspabi_fixdi</name>
         <load_address>0xaa28</load_address>
         <run_address>0xaa28</run_address>
         <size>0x28</size>
         <input_file_ref idref="fl-3c"/>
      </object_component>
      <object_component id="oc-1cf">
         <name>.text:outputAlert</name>
         <load_address>0xaa50</load_address>
         <run_address>0xaa50</run_address>
         <size>0x28</size>
         <input_file_ref idref="fl-2"/>
      </object_component>
      <object_component id="oc-2f4">
         <name>.text</name>
         <load_address>0xaa78</load_address>
         <run_address>0xaa78</run_address>
         <size>0x26</size>
         <input_file_ref idref="fl-4e"/>
      </object_component>
      <object_component id="oc-17b">
         <name>.text:ADCInit</name>
         <load_address>0xaa9e</load_address>
         <run_address>0xaa9e</run_address>
         <size>0x24</size>
         <input_file_ref idref="fl-2"/>
      </object_component>
      <object_component id="oc-19f">
         <name>.text:IOInit</name>
         <load_address>0xaac2</load_address>
         <run_address>0xaac2</run_address>
         <size>0x1e</size>
         <input_file_ref idref="fl-2"/>
      </object_component>
      <object_component id="oc-f4">
         <name>.text:_c_int00_noargs</name>
         <load_address>0xaae0</load_address>
         <run_address>0xaae0</run_address>
         <size>0x1c</size>
         <input_file_ref idref="fl-2f"/>
      </object_component>
      <object_component id="oc-316">
         <name>.text</name>
         <load_address>0xaafc</load_address>
         <run_address>0xaafc</run_address>
         <size>0x16</size>
         <input_file_ref idref="fl-20"/>
      </object_component>
      <object_component id="oc-e2">
         <name>.text:decompress:ZI:__TI_zero_init_nomemset:__TI_zero_init_nomemset</name>
         <load_address>0xab12</load_address>
         <run_address>0xab12</run_address>
         <size>0x14</size>
         <input_file_ref idref="fl-31"/>
      </object_component>
      <object_component id="oc-31c">
         <name>.text</name>
         <load_address>0xab26</load_address>
         <run_address>0xab26</run_address>
         <size>0x14</size>
         <input_file_ref idref="fl-4d"/>
      </object_component>
      <object_component id="oc-38">
         <name>.text:decompress:none:__TI_decompress_none</name>
         <load_address>0xab3a</load_address>
         <run_address>0xab3a</run_address>
         <size>0x12</size>
         <input_file_ref idref="fl-37"/>
      </object_component>
      <object_component id="oc-30e">
         <name>.text:l_lsr</name>
         <load_address>0xab4c</load_address>
         <run_address>0xab4c</run_address>
         <size>0x12</size>
         <input_file_ref idref="fl-4c"/>
      </object_component>
      <object_component id="oc-ca">
         <name>.text:memcpy</name>
         <load_address>0xab5e</load_address>
         <run_address>0xab5e</run_address>
         <size>0x12</size>
         <input_file_ref idref="fl-48"/>
      </object_component>
      <object_component id="oc-359">
         <name>.text:l_asr</name>
         <load_address>0xab70</load_address>
         <run_address>0xab70</run_address>
         <size>0x10</size>
         <input_file_ref idref="fl-4a"/>
      </object_component>
      <object_component id="oc-354">
         <name>.text:l_lsl</name>
         <load_address>0xab80</load_address>
         <run_address>0xab80</run_address>
         <size>0x10</size>
         <input_file_ref idref="fl-4b"/>
      </object_component>
      <object_component id="oc-181">
         <name>.text:motorInit</name>
         <load_address>0xab90</load_address>
         <run_address>0xab90</run_address>
         <size>0x10</size>
         <input_file_ref idref="fl-2"/>
      </object_component>
      <object_component id="oc-ba">
         <name>.text</name>
         <load_address>0xaba0</load_address>
         <run_address>0xaba0</run_address>
         <size>0x10</size>
         <input_file_ref idref="fl-21"/>
      </object_component>
      <object_component id="oc-1ba">
         <name>.text:__mspabi_fltid</name>
         <load_address>0xabb0</load_address>
         <run_address>0xabb0</run_address>
         <size>0xc</size>
         <input_file_ref idref="fl-3e"/>
      </object_component>
      <object_component id="oc-dc">
         <name>.text:ADC10_ISR</name>
         <load_address>0xabbc</load_address>
         <run_address>0xabbc</run_address>
         <size>0x8</size>
         <input_file_ref idref="fl-2"/>
      </object_component>
      <object_component id="oc-d7">
         <name>.text:_isr:__TI_ISR_TRAP</name>
         <load_address>0xabc4</load_address>
         <run_address>0xabc4</run_address>
         <size>0x8</size>
         <input_file_ref idref="fl-2c"/>
      </object_component>
      <object_component id="oc-200">
         <name>.text:abort</name>
         <load_address>0xabcc</load_address>
         <run_address>0xabcc</run_address>
         <size>0x6</size>
         <input_file_ref idref="fl-45"/>
      </object_component>
      <object_component id="oc-141">
         <name>.text:_system_pre_init</name>
         <load_address>0xabd2</load_address>
         <run_address>0xabd2</run_address>
         <size>0x4</size>
         <input_file_ref idref="fl-35"/>
      </object_component>
      <object_component id="oc-2b6">
         <name>.text:_system_post_cinit</name>
         <load_address>0xabd6</load_address>
         <run_address>0xabd6</run_address>
         <size>0x2</size>
         <input_file_ref idref="fl-36"/>
      </object_component>
      <object_component id="oc-3cb">
         <name>.cinit..data.load</name>
         <load_address>0xabd8</load_address>
         <run_address>0xabd8</run_address>
         <size>0x70</size>
      </object_component>
      <object_component id="oc-3c8">
         <name>__TI_handler_table</name>
         <load_address>0xac48</load_address>
         <run_address>0xac48</run_address>
         <size>0x6</size>
      </object_component>
      <object_component id="oc-3ca">
         <name>.cinit..bss.load</name>
         <load_address>0xac4e</load_address>
         <run_address>0xac4e</run_address>
         <size>0x4</size>
      </object_component>
      <object_component id="oc-3c9">
         <name>__TI_cinit_table</name>
         <load_address>0xac52</load_address>
         <run_address>0xac52</run_address>
         <size>0x8</size>
      </object_component>
      <object_component id="oc-38a">
         <name>.binit</name>
         <load_address>0x8000</load_address>
         <run_address>0x8000</run_address>
         <size>0x0</size>
      </object_component>
      <object_component id="oc-3e">
         <name>.int02</name>
         <load_address>0xffe4</load_address>
         <run_address>0xffe4</run_address>
         <size>0x2</size>
         <input_file_ref idref="fl-22"/>
      </object_component>
      <object_component id="oc-3f">
         <name>.int03</name>
         <load_address>0xffe6</load_address>
         <run_address>0xffe6</run_address>
         <size>0x2</size>
         <input_file_ref idref="fl-23"/>
      </object_component>
      <object_component id="oc-40">
         <name>.int05</name>
         <load_address>0xffea</load_address>
         <run_address>0xffea</run_address>
         <size>0x2</size>
         <input_file_ref idref="fl-2"/>
      </object_component>
      <object_component id="oc-41">
         <name>.int06</name>
         <load_address>0xffec</load_address>
         <run_address>0xffec</run_address>
         <size>0x2</size>
         <input_file_ref idref="fl-24"/>
      </object_component>
      <object_component id="oc-42">
         <name>.int07</name>
         <load_address>0xffee</load_address>
         <run_address>0xffee</run_address>
         <size>0x2</size>
         <input_file_ref idref="fl-25"/>
      </object_component>
      <object_component id="oc-43">
         <name>.int08</name>
         <load_address>0xfff0</load_address>
         <run_address>0xfff0</run_address>
         <size>0x2</size>
         <input_file_ref idref="fl-26"/>
      </object_component>
      <object_component id="oc-44">
         <name>.int09</name>
         <load_address>0xfff2</load_address>
         <run_address>0xfff2</run_address>
         <size>0x2</size>
         <input_file_ref idref="fl-27"/>
      </object_component>
      <object_component id="oc-45">
         <name>.int10</name>
         <load_address>0xfff4</load_address>
         <run_address>0xfff4</run_address>
         <size>0x2</size>
         <input_file_ref idref="fl-28"/>
      </object_component>
      <object_component id="oc-46">
         <name>.int12</name>
         <load_address>0xfff8</load_address>
         <run_address>0xfff8</run_address>
         <size>0x2</size>
         <input_file_ref idref="fl-29"/>
      </object_component>
      <object_component id="oc-47">
         <name>.int13</name>
         <load_address>0xfffa</load_address>
         <run_address>0xfffa</run_address>
         <size>0x2</size>
         <input_file_ref idref="fl-2a"/>
      </object_component>
      <object_component id="oc-48">
         <name>.int14</name>
         <load_address>0xfffc</load_address>
         <run_address>0xfffc</run_address>
         <size>0x2</size>
         <input_file_ref idref="fl-2b"/>
      </object_component>
      <object_component id="oc-af">
         <name>.reset</name>
         <load_address>0xfffe</load_address>
         <run_address>0xfffe</run_address>
         <size>0x2</size>
         <input_file_ref idref="fl-2f"/>
      </object_component>
      <object_component id="oc-1c7">
         <name>.debug_info</name>
         <load_address>0x0</load_address>
         <run_address>0x0</run_address>
         <size>0x5c9</size>
         <input_file_ref idref="fl-2"/>
      </object_component>
      <object_component id="oc-1b2">
         <name>.debug_info</name>
         <load_address>0x5c9</load_address>
         <run_address>0x5c9</run_address>
         <size>0x317</size>
         <input_file_ref idref="fl-2"/>
      </object_component>
      <object_component id="oc-256">
         <name>.debug_info</name>
         <load_address>0x8e0</load_address>
         <run_address>0x8e0</run_address>
         <size>0xd0</size>
         <input_file_ref idref="fl-2"/>
      </object_component>
      <object_component id="oc-28e">
         <name>.debug_info</name>
         <load_address>0x9b0</load_address>
         <run_address>0x9b0</run_address>
         <size>0xce</size>
         <input_file_ref idref="fl-2"/>
      </object_component>
      <object_component id="oc-24b">
         <name>.debug_info</name>
         <load_address>0xa7e</load_address>
         <run_address>0xa7e</run_address>
         <size>0xde</size>
         <input_file_ref idref="fl-2"/>
      </object_component>
      <object_component id="oc-250">
         <name>.debug_info</name>
         <load_address>0xb5c</load_address>
         <run_address>0xb5c</run_address>
         <size>0xd0</size>
         <input_file_ref idref="fl-2"/>
      </object_component>
      <object_component id="oc-19a">
         <name>.debug_info</name>
         <load_address>0xc2c</load_address>
         <run_address>0xc2c</run_address>
         <size>0x123</size>
         <input_file_ref idref="fl-2"/>
      </object_component>
      <object_component id="oc-194">
         <name>.debug_info</name>
         <load_address>0xd4f</load_address>
         <run_address>0xd4f</run_address>
         <size>0x139</size>
         <input_file_ref idref="fl-2"/>
      </object_component>
      <object_component id="oc-1d6">
         <name>.debug_info</name>
         <load_address>0xe88</load_address>
         <run_address>0xe88</run_address>
         <size>0x13e</size>
         <input_file_ref idref="fl-2"/>
      </object_component>
      <object_component id="oc-1dc">
         <name>.debug_info</name>
         <load_address>0xfc6</load_address>
         <run_address>0xfc6</run_address>
         <size>0x205</size>
         <input_file_ref idref="fl-2"/>
      </object_component>
      <object_component id="oc-1ac">
         <name>.debug_info</name>
         <load_address>0x11cb</load_address>
         <run_address>0x11cb</run_address>
         <size>0x18b</size>
         <input_file_ref idref="fl-2"/>
      </object_component>
      <object_component id="oc-1d0">
         <name>.debug_info</name>
         <load_address>0x1356</load_address>
         <run_address>0x1356</run_address>
         <size>0x125</size>
         <input_file_ref idref="fl-2"/>
      </object_component>
      <object_component id="oc-1f4">
         <name>.debug_info</name>
         <load_address>0x147b</load_address>
         <run_address>0x147b</run_address>
         <size>0x172</size>
         <input_file_ref idref="fl-2"/>
      </object_component>
      <object_component id="oc-1ee">
         <name>.debug_info</name>
         <load_address>0x15ed</load_address>
         <run_address>0x15ed</run_address>
         <size>0x1ca</size>
         <input_file_ref idref="fl-2"/>
      </object_component>
      <object_component id="oc-182">
         <name>.debug_info</name>
         <load_address>0x17b7</load_address>
         <run_address>0x17b7</run_address>
         <size>0x10a</size>
         <input_file_ref idref="fl-2"/>
      </object_component>
      <object_component id="oc-176">
         <name>.debug_info</name>
         <load_address>0x18c1</load_address>
         <run_address>0x18c1</run_address>
         <size>0x144</size>
         <input_file_ref idref="fl-2"/>
      </object_component>
      <object_component id="oc-170">
         <name>.debug_info</name>
         <load_address>0x1a05</load_address>
         <run_address>0x1a05</run_address>
         <size>0x150</size>
         <input_file_ref idref="fl-2"/>
      </object_component>
      <object_component id="oc-17c">
         <name>.debug_info</name>
         <load_address>0x1b55</load_address>
         <run_address>0x1b55</run_address>
         <size>0xf4</size>
         <input_file_ref idref="fl-2"/>
      </object_component>
      <object_component id="oc-188">
         <name>.debug_info</name>
         <load_address>0x1c49</load_address>
         <run_address>0x1c49</run_address>
         <size>0x13d</size>
         <input_file_ref idref="fl-2"/>
      </object_component>
      <object_component id="oc-18e">
         <name>.debug_info</name>
         <load_address>0x1d86</load_address>
         <run_address>0x1d86</run_address>
         <size>0x127</size>
         <input_file_ref idref="fl-2"/>
      </object_component>
      <object_component id="oc-1a0">
         <name>.debug_info</name>
         <load_address>0x1ead</load_address>
         <run_address>0x1ead</run_address>
         <size>0xf0</size>
         <input_file_ref idref="fl-2"/>
      </object_component>
      <object_component id="oc-1a6">
         <name>.debug_info</name>
         <load_address>0x1f9d</load_address>
         <run_address>0x1f9d</run_address>
         <size>0x2ab</size>
         <input_file_ref idref="fl-2"/>
      </object_component>
      <object_component id="oc-1fa">
         <name>.debug_info</name>
         <load_address>0x2248</load_address>
         <run_address>0x2248</run_address>
         <size>0x4c5</size>
         <input_file_ref idref="fl-2"/>
      </object_component>
      <object_component id="oc-148">
         <name>.debug_info</name>
         <load_address>0x270d</load_address>
         <run_address>0x270d</run_address>
         <size>0x415</size>
         <input_file_ref idref="fl-2"/>
      </object_component>
      <object_component id="oc-dd">
         <name>.debug_info</name>
         <load_address>0x2b22</load_address>
         <run_address>0x2b22</run_address>
         <size>0xf9</size>
         <input_file_ref idref="fl-2"/>
      </object_component>
      <object_component id="oc-281">
         <name>.debug_info</name>
         <load_address>0x2c1b</load_address>
         <run_address>0x2c1b</run_address>
         <size>0x26b</size>
         <input_file_ref idref="fl-2"/>
      </object_component>
      <object_component id="oc-c5">
         <name>.debug_info</name>
         <load_address>0x2e86</load_address>
         <run_address>0x2e86</run_address>
         <size>0x84</size>
         <input_file_ref idref="fl-2"/>
      </object_component>
      <object_component id="oc-309">
         <name>.debug_info</name>
         <load_address>0x2f0a</load_address>
         <run_address>0x2f0a</run_address>
         <size>0x275</size>
         <input_file_ref idref="fl-2"/>
      </object_component>
      <object_component id="oc-259">
         <name>.debug_info</name>
         <load_address>0x317f</load_address>
         <run_address>0x317f</run_address>
         <size>0x7ae</size>
         <input_file_ref idref="fl-1d"/>
      </object_component>
      <object_component id="oc-34f">
         <name>.debug_info</name>
         <load_address>0x392d</load_address>
         <run_address>0x392d</run_address>
         <size>0x46</size>
         <input_file_ref idref="fl-1d"/>
      </object_component>
      <object_component id="oc-2e2">
         <name>.debug_info</name>
         <load_address>0x3973</load_address>
         <run_address>0x3973</run_address>
         <size>0x39</size>
         <input_file_ref idref="fl-1d"/>
      </object_component>
      <object_component id="oc-243">
         <name>.debug_info</name>
         <load_address>0x39ac</load_address>
         <run_address>0x39ac</run_address>
         <size>0x124</size>
         <input_file_ref idref="fl-1e"/>
      </object_component>
      <object_component id="oc-295">
         <name>.debug_info</name>
         <load_address>0x3ad0</load_address>
         <run_address>0x3ad0</run_address>
         <size>0x139</size>
         <input_file_ref idref="fl-1f"/>
      </object_component>
      <object_component id="oc-319">
         <name>.debug_info</name>
         <load_address>0x3c09</load_address>
         <run_address>0x3c09</run_address>
         <size>0x125</size>
         <input_file_ref idref="fl-20"/>
      </object_component>
      <object_component id="oc-bb">
         <name>.debug_info</name>
         <load_address>0x3d2e</load_address>
         <run_address>0x3d2e</run_address>
         <size>0x132</size>
         <input_file_ref idref="fl-21"/>
      </object_component>
      <object_component id="oc-d8">
         <name>.debug_info</name>
         <load_address>0x3e60</load_address>
         <run_address>0x3e60</run_address>
         <size>0x113</size>
         <input_file_ref idref="fl-2c"/>
      </object_component>
      <object_component id="oc-b3">
         <name>.debug_info</name>
         <load_address>0x3f73</load_address>
         <run_address>0x3f73</run_address>
         <size>0x124</size>
         <input_file_ref idref="fl-2d"/>
      </object_component>
      <object_component id="oc-b6">
         <name>.debug_info</name>
         <load_address>0x4097</load_address>
         <run_address>0x4097</run_address>
         <size>0x124</size>
         <input_file_ref idref="fl-2e"/>
      </object_component>
      <object_component id="oc-ad">
         <name>.debug_info</name>
         <load_address>0x41bb</load_address>
         <run_address>0x41bb</run_address>
         <size>0x104</size>
         <input_file_ref idref="fl-2f"/>
      </object_component>
      <object_component id="oc-f6">
         <name>.debug_info</name>
         <load_address>0x42bf</load_address>
         <run_address>0x42bf</run_address>
         <size>0x17e</size>
         <input_file_ref idref="fl-2f"/>
      </object_component>
      <object_component id="oc-2bd">
         <name>.debug_info</name>
         <load_address>0x443d</load_address>
         <run_address>0x443d</run_address>
         <size>0x3e2</size>
         <input_file_ref idref="fl-30"/>
      </object_component>
      <object_component id="oc-20e">
         <name>.debug_info</name>
         <load_address>0x481f</load_address>
         <run_address>0x481f</run_address>
         <size>0x1e4</size>
         <input_file_ref idref="fl-30"/>
      </object_component>
      <object_component id="oc-33c">
         <name>.debug_info</name>
         <load_address>0x4a03</load_address>
         <run_address>0x4a03</run_address>
         <size>0x39</size>
         <input_file_ref idref="fl-30"/>
      </object_component>
      <object_component id="oc-348">
         <name>.debug_info</name>
         <load_address>0x4a3c</load_address>
         <run_address>0x4a3c</run_address>
         <size>0x2c</size>
         <input_file_ref idref="fl-30"/>
      </object_component>
      <object_component id="oc-2c8">
         <name>.debug_info</name>
         <load_address>0x4a68</load_address>
         <run_address>0x4a68</run_address>
         <size>0x2c</size>
         <input_file_ref idref="fl-30"/>
      </object_component>
      <object_component id="oc-341">
         <name>.debug_info</name>
         <load_address>0x4a94</load_address>
         <run_address>0x4a94</run_address>
         <size>0xcd</size>
         <input_file_ref idref="fl-30"/>
      </object_component>
      <object_component id="oc-13f">
         <name>.debug_info</name>
         <load_address>0x4b61</load_address>
         <run_address>0x4b61</run_address>
         <size>0x179</size>
         <input_file_ref idref="fl-31"/>
      </object_component>
      <object_component id="oc-e3">
         <name>.debug_info</name>
         <load_address>0x4cda</load_address>
         <run_address>0x4cda</run_address>
         <size>0x1d6</size>
         <input_file_ref idref="fl-31"/>
      </object_component>
      <object_component id="oc-13a">
         <name>.debug_info</name>
         <load_address>0x4eb0</load_address>
         <run_address>0x4eb0</run_address>
         <size>0x46</size>
         <input_file_ref idref="fl-31"/>
      </object_component>
      <object_component id="oc-12b">
         <name>.debug_info</name>
         <load_address>0x4ef6</load_address>
         <run_address>0x4ef6</run_address>
         <size>0x2c</size>
         <input_file_ref idref="fl-31"/>
      </object_component>
      <object_component id="oc-142">
         <name>.debug_info</name>
         <load_address>0x4f22</load_address>
         <run_address>0x4f22</run_address>
         <size>0x157</size>
         <input_file_ref idref="fl-35"/>
      </object_component>
      <object_component id="oc-2b8">
         <name>.debug_info</name>
         <load_address>0x5079</load_address>
         <run_address>0x5079</run_address>
         <size>0x154</size>
         <input_file_ref idref="fl-36"/>
      </object_component>
      <object_component id="oc-d6">
         <name>.debug_info</name>
         <load_address>0x51cd</load_address>
         <run_address>0x51cd</run_address>
         <size>0x184</size>
         <input_file_ref idref="fl-37"/>
      </object_component>
      <object_component id="oc-3a">
         <name>.debug_info</name>
         <load_address>0x5351</load_address>
         <run_address>0x5351</run_address>
         <size>0x1ee</size>
         <input_file_ref idref="fl-37"/>
      </object_component>
      <object_component id="oc-d1">
         <name>.debug_info</name>
         <load_address>0x553f</load_address>
         <run_address>0x553f</run_address>
         <size>0x46</size>
         <input_file_ref idref="fl-37"/>
      </object_component>
      <object_component id="oc-130">
         <name>.debug_info</name>
         <load_address>0x5585</load_address>
         <run_address>0x5585</run_address>
         <size>0x2c</size>
         <input_file_ref idref="fl-37"/>
      </object_component>
      <object_component id="oc-128">
         <name>.debug_info</name>
         <load_address>0x55b1</load_address>
         <run_address>0x55b1</run_address>
         <size>0x17a</size>
         <input_file_ref idref="fl-38"/>
      </object_component>
      <object_component id="oc-33">
         <name>.debug_info</name>
         <load_address>0x572b</load_address>
         <run_address>0x572b</run_address>
         <size>0x296</size>
         <input_file_ref idref="fl-38"/>
      </object_component>
      <object_component id="oc-c0">
         <name>.debug_info</name>
         <load_address>0x59c1</load_address>
         <run_address>0x59c1</run_address>
         <size>0x60</size>
         <input_file_ref idref="fl-38"/>
      </object_component>
      <object_component id="oc-163">
         <name>.debug_info</name>
         <load_address>0x5a21</load_address>
         <run_address>0x5a21</run_address>
         <size>0x46</size>
         <input_file_ref idref="fl-38"/>
      </object_component>
      <object_component id="oc-123">
         <name>.debug_info</name>
         <load_address>0x5a67</load_address>
         <run_address>0x5a67</run_address>
         <size>0x39</size>
         <input_file_ref idref="fl-38"/>
      </object_component>
      <object_component id="oc-2ee">
         <name>.debug_info</name>
         <load_address>0x5aa0</load_address>
         <run_address>0x5aa0</run_address>
         <size>0x1ab</size>
         <input_file_ref idref="fl-39"/>
      </object_component>
      <object_component id="oc-260">
         <name>.debug_info</name>
         <load_address>0x5c4b</load_address>
         <run_address>0x5c4b</run_address>
         <size>0x25b</size>
         <input_file_ref idref="fl-39"/>
      </object_component>
      <object_component id="oc-271">
         <name>.debug_info</name>
         <load_address>0x5ea6</load_address>
         <run_address>0x5ea6</run_address>
         <size>0x94</size>
         <input_file_ref idref="fl-39"/>
      </object_component>
      <object_component id="oc-1c1">
         <name>.debug_info</name>
         <load_address>0x5f3a</load_address>
         <run_address>0x5f3a</run_address>
         <size>0x1b3</size>
         <input_file_ref idref="fl-3a"/>
      </object_component>
      <object_component id="oc-2a0">
         <name>.debug_info</name>
         <load_address>0x60ed</load_address>
         <run_address>0x60ed</run_address>
         <size>0x1a6</size>
         <input_file_ref idref="fl-3b"/>
      </object_component>
      <object_component id="oc-1e8">
         <name>.debug_info</name>
         <load_address>0x6293</load_address>
         <run_address>0x6293</run_address>
         <size>0x28e</size>
         <input_file_ref idref="fl-3b"/>
      </object_component>
      <object_component id="oc-1ca">
         <name>.debug_info</name>
         <load_address>0x6521</load_address>
         <run_address>0x6521</run_address>
         <size>0x175</size>
         <input_file_ref idref="fl-3c"/>
      </object_component>
      <object_component id="oc-288">
         <name>.debug_info</name>
         <load_address>0x6696</load_address>
         <run_address>0x6696</run_address>
         <size>0x1c4</size>
         <input_file_ref idref="fl-3d"/>
      </object_component>
      <object_component id="oc-1bb">
         <name>.debug_info</name>
         <load_address>0x685a</load_address>
         <run_address>0x685a</run_address>
         <size>0x16a</size>
         <input_file_ref idref="fl-3e"/>
      </object_component>
      <object_component id="oc-308">
         <name>.debug_info</name>
         <load_address>0x69c4</load_address>
         <run_address>0x69c4</run_address>
         <size>0x16f</size>
         <input_file_ref idref="fl-3f"/>
      </object_component>
      <object_component id="oc-27a">
         <name>.debug_info</name>
         <load_address>0x6b33</load_address>
         <run_address>0x6b33</run_address>
         <size>0x21f</size>
         <input_file_ref idref="fl-3f"/>
      </object_component>
      <object_component id="oc-365">
         <name>.debug_info</name>
         <load_address>0x6d52</load_address>
         <run_address>0x6d52</run_address>
         <size>0x1a4</size>
         <input_file_ref idref="fl-40"/>
      </object_component>
      <object_component id="oc-2e9">
         <name>.debug_info</name>
         <load_address>0x6ef6</load_address>
         <run_address>0x6ef6</run_address>
         <size>0x32d</size>
         <input_file_ref idref="fl-40"/>
      </object_component>
      <object_component id="oc-322">
         <name>.debug_info</name>
         <load_address>0x7223</load_address>
         <run_address>0x7223</run_address>
         <size>0x176</size>
         <input_file_ref idref="fl-41"/>
      </object_component>
      <object_component id="oc-29a">
         <name>.debug_info</name>
         <load_address>0x7399</load_address>
         <run_address>0x7399</run_address>
         <size>0x5d3</size>
         <input_file_ref idref="fl-41"/>
      </object_component>
      <object_component id="oc-276">
         <name>.debug_info</name>
         <load_address>0x796c</load_address>
         <run_address>0x796c</run_address>
         <size>0x1a6</size>
         <input_file_ref idref="fl-42"/>
      </object_component>
      <object_component id="oc-1b6">
         <name>.debug_info</name>
         <load_address>0x7b12</load_address>
         <run_address>0x7b12</run_address>
         <size>0x2e4</size>
         <input_file_ref idref="fl-42"/>
      </object_component>
      <object_component id="oc-384">
         <name>.debug_info</name>
         <load_address>0x7df6</load_address>
         <run_address>0x7df6</run_address>
         <size>0x176</size>
         <input_file_ref idref="fl-43"/>
      </object_component>
      <object_component id="oc-360">
         <name>.debug_info</name>
         <load_address>0x7f6c</load_address>
         <run_address>0x7f6c</run_address>
         <size>0x1fd</size>
         <input_file_ref idref="fl-43"/>
      </object_component>
      <object_component id="oc-1e2">
         <name>.debug_info</name>
         <load_address>0x8169</load_address>
         <run_address>0x8169</run_address>
         <size>0x191</size>
         <input_file_ref idref="fl-44"/>
      </object_component>
      <object_component id="oc-203">
         <name>.debug_info</name>
         <load_address>0x82fa</load_address>
         <run_address>0x82fa</run_address>
         <size>0x126</size>
         <input_file_ref idref="fl-45"/>
      </object_component>
      <object_component id="oc-12a">
         <name>.debug_info</name>
         <load_address>0x8420</load_address>
         <run_address>0x8420</run_address>
         <size>0x185</size>
         <input_file_ref idref="fl-48"/>
      </object_component>
      <object_component id="oc-cb">
         <name>.debug_info</name>
         <load_address>0x85a5</load_address>
         <run_address>0x85a5</run_address>
         <size>0x17e</size>
         <input_file_ref idref="fl-48"/>
      </object_component>
      <object_component id="oc-2df">
         <name>.debug_info</name>
         <load_address>0x8723</load_address>
         <run_address>0x8723</run_address>
         <size>0x102</size>
         <input_file_ref idref="fl-49"/>
      </object_component>
      <object_component id="oc-35c">
         <name>.debug_info</name>
         <load_address>0x8825</load_address>
         <run_address>0x8825</run_address>
         <size>0x124</size>
         <input_file_ref idref="fl-4a"/>
      </object_component>
      <object_component id="oc-2f0">
         <name>.debug_info</name>
         <load_address>0x8949</load_address>
         <run_address>0x8949</run_address>
         <size>0x12a</size>
         <input_file_ref idref="fl-4a"/>
      </object_component>
      <object_component id="oc-357">
         <name>.debug_info</name>
         <load_address>0x8a73</load_address>
         <run_address>0x8a73</run_address>
         <size>0x124</size>
         <input_file_ref idref="fl-4b"/>
      </object_component>
      <object_component id="oc-2fb">
         <name>.debug_info</name>
         <load_address>0x8b97</load_address>
         <run_address>0x8b97</run_address>
         <size>0x12a</size>
         <input_file_ref idref="fl-4b"/>
      </object_component>
      <object_component id="oc-310">
         <name>.debug_info</name>
         <load_address>0x8cc1</load_address>
         <run_address>0x8cc1</run_address>
         <size>0x124</size>
         <input_file_ref idref="fl-4c"/>
      </object_component>
      <object_component id="oc-300">
         <name>.debug_info</name>
         <load_address>0x8de5</load_address>
         <run_address>0x8de5</run_address>
         <size>0x12a</size>
         <input_file_ref idref="fl-4c"/>
      </object_component>
      <object_component id="oc-31f">
         <name>.debug_info</name>
         <load_address>0x8f0f</load_address>
         <run_address>0x8f0f</run_address>
         <size>0x125</size>
         <input_file_ref idref="fl-4d"/>
      </object_component>
      <object_component id="oc-2f7">
         <name>.debug_info</name>
         <load_address>0x9034</load_address>
         <run_address>0x9034</run_address>
         <size>0x125</size>
         <input_file_ref idref="fl-4e"/>
      </object_component>
      <object_component id="oc-304">
         <name>.debug_info</name>
         <load_address>0x9159</load_address>
         <run_address>0x9159</run_address>
         <size>0x176</size>
         <input_file_ref idref="fl-50"/>
      </object_component>
      <object_component id="oc-26b">
         <name>.debug_info</name>
         <load_address>0x92cf</load_address>
         <run_address>0x92cf</run_address>
         <size>0x3af</size>
         <input_file_ref idref="fl-50"/>
      </object_component>
      <object_component id="oc-3cd">
         <name>.debug_info</name>
         <load_address>0x967e</load_address>
         <run_address>0x967e</run_address>
         <size>0x9d</size>
      </object_component>
      <object_component id="oc-280">
         <name>.debug_line</name>
         <load_address>0x0</load_address>
         <run_address>0x0</run_address>
         <size>0xd3</size>
         <input_file_ref idref="fl-2"/>
      </object_component>
      <object_component id="oc-269">
         <name>.debug_line</name>
         <load_address>0xd3</load_address>
         <run_address>0xd3</run_address>
         <size>0x4e</size>
         <input_file_ref idref="fl-2"/>
      </object_component>
      <object_component id="oc-2dd">
         <name>.debug_line</name>
         <load_address>0x121</load_address>
         <run_address>0x121</run_address>
         <size>0x2c</size>
         <input_file_ref idref="fl-2"/>
      </object_component>
      <object_component id="oc-315">
         <name>.debug_line</name>
         <load_address>0x14d</load_address>
         <run_address>0x14d</run_address>
         <size>0x2c</size>
         <input_file_ref idref="fl-2"/>
      </object_component>
      <object_component id="oc-2d9">
         <name>.debug_line</name>
         <load_address>0x179</load_address>
         <run_address>0x179</run_address>
         <size>0x35</size>
         <input_file_ref idref="fl-2"/>
      </object_component>
      <object_component id="oc-2db">
         <name>.debug_line</name>
         <load_address>0x1ae</load_address>
         <run_address>0x1ae</run_address>
         <size>0x35</size>
         <input_file_ref idref="fl-2"/>
      </object_component>
      <object_component id="oc-19d">
         <name>.debug_line</name>
         <load_address>0x1e3</load_address>
         <run_address>0x1e3</run_address>
         <size>0x61</size>
         <input_file_ref idref="fl-2"/>
      </object_component>
      <object_component id="oc-197">
         <name>.debug_line</name>
         <load_address>0x244</load_address>
         <run_address>0x244</run_address>
         <size>0x61</size>
         <input_file_ref idref="fl-2"/>
      </object_component>
      <object_component id="oc-1d9">
         <name>.debug_line</name>
         <load_address>0x2a5</load_address>
         <run_address>0x2a5</run_address>
         <size>0x51</size>
         <input_file_ref idref="fl-2"/>
      </object_component>
      <object_component id="oc-1df">
         <name>.debug_line</name>
         <load_address>0x2f6</load_address>
         <run_address>0x2f6</run_address>
         <size>0x74</size>
         <input_file_ref idref="fl-2"/>
      </object_component>
      <object_component id="oc-1af">
         <name>.debug_line</name>
         <load_address>0x36a</load_address>
         <run_address>0x36a</run_address>
         <size>0x5a</size>
         <input_file_ref idref="fl-2"/>
      </object_component>
      <object_component id="oc-1d3">
         <name>.debug_line</name>
         <load_address>0x3c4</load_address>
         <run_address>0x3c4</run_address>
         <size>0x49</size>
         <input_file_ref idref="fl-2"/>
      </object_component>
      <object_component id="oc-1f7">
         <name>.debug_line</name>
         <load_address>0x40d</load_address>
         <run_address>0x40d</run_address>
         <size>0xd3</size>
         <input_file_ref idref="fl-2"/>
      </object_component>
      <object_component id="oc-1f1">
         <name>.debug_line</name>
         <load_address>0x4e0</load_address>
         <run_address>0x4e0</run_address>
         <size>0xd9</size>
         <input_file_ref idref="fl-2"/>
      </object_component>
      <object_component id="oc-185">
         <name>.debug_line</name>
         <load_address>0x5b9</load_address>
         <run_address>0x5b9</run_address>
         <size>0x4a</size>
         <input_file_ref idref="fl-2"/>
      </object_component>
      <object_component id="oc-179">
         <name>.debug_line</name>
         <load_address>0x603</load_address>
         <run_address>0x603</run_address>
         <size>0x4e</size>
         <input_file_ref idref="fl-2"/>
      </object_component>
      <object_component id="oc-173">
         <name>.debug_line</name>
         <load_address>0x651</load_address>
         <run_address>0x651</run_address>
         <size>0x4a</size>
         <input_file_ref idref="fl-2"/>
      </object_component>
      <object_component id="oc-17f">
         <name>.debug_line</name>
         <load_address>0x69b</load_address>
         <run_address>0x69b</run_address>
         <size>0x47</size>
         <input_file_ref idref="fl-2"/>
      </object_component>
      <object_component id="oc-18b">
         <name>.debug_line</name>
         <load_address>0x6e2</load_address>
         <run_address>0x6e2</run_address>
         <size>0x5e</size>
         <input_file_ref idref="fl-2"/>
      </object_component>
      <object_component id="oc-191">
         <name>.debug_line</name>
         <load_address>0x740</load_address>
         <run_address>0x740</run_address>
         <size>0x60</size>
         <input_file_ref idref="fl-2"/>
      </object_component>
      <object_component id="oc-1a3">
         <name>.debug_line</name>
         <load_address>0x7a0</load_address>
         <run_address>0x7a0</run_address>
         <size>0x42</size>
         <input_file_ref idref="fl-2"/>
      </object_component>
      <object_component id="oc-1a9">
         <name>.debug_line</name>
         <load_address>0x7e2</load_address>
         <run_address>0x7e2</run_address>
         <size>0x5d</size>
         <input_file_ref idref="fl-2"/>
      </object_component>
      <object_component id="oc-1fd">
         <name>.debug_line</name>
         <load_address>0x83f</load_address>
         <run_address>0x83f</run_address>
         <size>0xc5</size>
         <input_file_ref idref="fl-2"/>
      </object_component>
      <object_component id="oc-14b">
         <name>.debug_line</name>
         <load_address>0x904</load_address>
         <run_address>0x904</run_address>
         <size>0xc3</size>
         <input_file_ref idref="fl-2"/>
      </object_component>
      <object_component id="oc-e0">
         <name>.debug_line</name>
         <load_address>0x9c7</load_address>
         <run_address>0x9c7</run_address>
         <size>0x3f</size>
         <input_file_ref idref="fl-2"/>
      </object_component>
      <object_component id="oc-284">
         <name>.debug_line</name>
         <load_address>0xa06</load_address>
         <run_address>0xa06</run_address>
         <size>0x72</size>
         <input_file_ref idref="fl-2"/>
      </object_component>
      <object_component id="oc-c8">
         <name>.debug_line</name>
         <load_address>0xa78</load_address>
         <run_address>0xa78</run_address>
         <size>0x20</size>
         <input_file_ref idref="fl-2"/>
      </object_component>
      <object_component id="oc-30c">
         <name>.debug_line</name>
         <load_address>0xa98</load_address>
         <run_address>0xa98</run_address>
         <size>0x76</size>
         <input_file_ref idref="fl-2"/>
      </object_component>
      <object_component id="oc-25c">
         <name>.debug_line</name>
         <load_address>0xb0e</load_address>
         <run_address>0xb0e</run_address>
         <size>0xab</size>
         <input_file_ref idref="fl-1d"/>
      </object_component>
      <object_component id="oc-352">
         <name>.debug_line</name>
         <load_address>0xbb9</load_address>
         <run_address>0xbb9</run_address>
         <size>0x9d</size>
         <input_file_ref idref="fl-1d"/>
      </object_component>
      <object_component id="oc-2e5">
         <name>.debug_line</name>
         <load_address>0xc56</load_address>
         <run_address>0xc56</run_address>
         <size>0x9a</size>
         <input_file_ref idref="fl-1d"/>
      </object_component>
      <object_component id="oc-245">
         <name>.debug_line</name>
         <load_address>0xcf0</load_address>
         <run_address>0xcf0</run_address>
         <size>0x4e</size>
         <input_file_ref idref="fl-1e"/>
      </object_component>
      <object_component id="oc-293">
         <name>.debug_line</name>
         <load_address>0xd3e</load_address>
         <run_address>0xd3e</run_address>
         <size>0x4d</size>
         <input_file_ref idref="fl-1f"/>
      </object_component>
      <object_component id="oc-317">
         <name>.debug_line</name>
         <load_address>0xd8b</load_address>
         <run_address>0xd8b</run_address>
         <size>0x43</size>
         <input_file_ref idref="fl-20"/>
      </object_component>
      <object_component id="oc-be">
         <name>.debug_line</name>
         <load_address>0xdce</load_address>
         <run_address>0xdce</run_address>
         <size>0x40</size>
         <input_file_ref idref="fl-21"/>
      </object_component>
      <object_component id="oc-db">
         <name>.debug_line</name>
         <load_address>0xe0e</load_address>
         <run_address>0xe0e</run_address>
         <size>0x3d</size>
         <input_file_ref idref="fl-2c"/>
      </object_component>
      <object_component id="oc-b2">
         <name>.debug_line</name>
         <load_address>0xe4b</load_address>
         <run_address>0xe4b</run_address>
         <size>0x4e</size>
         <input_file_ref idref="fl-2d"/>
      </object_component>
      <object_component id="oc-b9">
         <name>.debug_line</name>
         <load_address>0xe99</load_address>
         <run_address>0xe99</run_address>
         <size>0x5e</size>
         <input_file_ref idref="fl-2e"/>
      </object_component>
      <object_component id="oc-11f">
         <name>.debug_line</name>
         <load_address>0xef7</load_address>
         <run_address>0xef7</run_address>
         <size>0x2a</size>
         <input_file_ref idref="fl-2f"/>
      </object_component>
      <object_component id="oc-f9">
         <name>.debug_line</name>
         <load_address>0xf21</load_address>
         <run_address>0xf21</run_address>
         <size>0x46</size>
         <input_file_ref idref="fl-2f"/>
      </object_component>
      <object_component id="oc-33b">
         <name>.debug_line</name>
         <load_address>0xf67</load_address>
         <run_address>0xf67</run_address>
         <size>0xc2</size>
         <input_file_ref idref="fl-30"/>
      </object_component>
      <object_component id="oc-20d">
         <name>.debug_line</name>
         <load_address>0x1029</load_address>
         <run_address>0x1029</run_address>
         <size>0x75</size>
         <input_file_ref idref="fl-30"/>
      </object_component>
      <object_component id="oc-33f">
         <name>.debug_line</name>
         <load_address>0x109e</load_address>
         <run_address>0x109e</run_address>
         <size>0x2e</size>
         <input_file_ref idref="fl-30"/>
      </object_component>
      <object_component id="oc-34b">
         <name>.debug_line</name>
         <load_address>0x10cc</load_address>
         <run_address>0x10cc</run_address>
         <size>0x9d</size>
         <input_file_ref idref="fl-30"/>
      </object_component>
      <object_component id="oc-2cb">
         <name>.debug_line</name>
         <load_address>0x1169</load_address>
         <run_address>0x1169</run_address>
         <size>0x9a</size>
         <input_file_ref idref="fl-30"/>
      </object_component>
      <object_component id="oc-344">
         <name>.debug_line</name>
         <load_address>0x1203</load_address>
         <run_address>0x1203</run_address>
         <size>0x96</size>
         <input_file_ref idref="fl-30"/>
      </object_component>
      <object_component id="oc-16d">
         <name>.debug_line</name>
         <load_address>0x1299</load_address>
         <run_address>0x1299</run_address>
         <size>0x20</size>
         <input_file_ref idref="fl-31"/>
      </object_component>
      <object_component id="oc-e6">
         <name>.debug_line</name>
         <load_address>0x12b9</load_address>
         <run_address>0x12b9</run_address>
         <size>0x4d</size>
         <input_file_ref idref="fl-31"/>
      </object_component>
      <object_component id="oc-13d">
         <name>.debug_line</name>
         <load_address>0x1306</load_address>
         <run_address>0x1306</run_address>
         <size>0x34</size>
         <input_file_ref idref="fl-31"/>
      </object_component>
      <object_component id="oc-12e">
         <name>.debug_line</name>
         <load_address>0x133a</load_address>
         <run_address>0x133a</run_address>
         <size>0x95</size>
         <input_file_ref idref="fl-31"/>
      </object_component>
      <object_component id="oc-146">
         <name>.debug_line</name>
         <load_address>0x13cf</load_address>
         <run_address>0x13cf</run_address>
         <size>0x3e</size>
         <input_file_ref idref="fl-35"/>
      </object_component>
      <object_component id="oc-2b7">
         <name>.debug_line</name>
         <load_address>0x140d</load_address>
         <run_address>0x140d</run_address>
         <size>0x3a</size>
         <input_file_ref idref="fl-36"/>
      </object_component>
      <object_component id="oc-136">
         <name>.debug_line</name>
         <load_address>0x1447</load_address>
         <run_address>0x1447</run_address>
         <size>0x20</size>
         <input_file_ref idref="fl-37"/>
      </object_component>
      <object_component id="oc-39">
         <name>.debug_line</name>
         <load_address>0x1467</load_address>
         <run_address>0x1467</run_address>
         <size>0x50</size>
         <input_file_ref idref="fl-37"/>
      </object_component>
      <object_component id="oc-d4">
         <name>.debug_line</name>
         <load_address>0x14b7</load_address>
         <run_address>0x14b7</run_address>
         <size>0x3a</size>
         <input_file_ref idref="fl-37"/>
      </object_component>
      <object_component id="oc-133">
         <name>.debug_line</name>
         <load_address>0x14f1</load_address>
         <run_address>0x14f1</run_address>
         <size>0x95</size>
         <input_file_ref idref="fl-37"/>
      </object_component>
      <object_component id="oc-169">
         <name>.debug_line</name>
         <load_address>0x1586</load_address>
         <run_address>0x1586</run_address>
         <size>0x20</size>
         <input_file_ref idref="fl-38"/>
      </object_component>
      <object_component id="oc-37">
         <name>.debug_line</name>
         <load_address>0x15a6</load_address>
         <run_address>0x15a6</run_address>
         <size>0x92</size>
         <input_file_ref idref="fl-38"/>
      </object_component>
      <object_component id="oc-c3">
         <name>.debug_line</name>
         <load_address>0x1638</load_address>
         <run_address>0x1638</run_address>
         <size>0x3a</size>
         <input_file_ref idref="fl-38"/>
      </object_component>
      <object_component id="oc-166">
         <name>.debug_line</name>
         <load_address>0x1672</load_address>
         <run_address>0x1672</run_address>
         <size>0x9d</size>
         <input_file_ref idref="fl-38"/>
      </object_component>
      <object_component id="oc-126">
         <name>.debug_line</name>
         <load_address>0x170f</load_address>
         <run_address>0x170f</run_address>
         <size>0x99</size>
         <input_file_ref idref="fl-38"/>
      </object_component>
      <object_component id="oc-367">
         <name>.debug_line</name>
         <load_address>0x17a8</load_address>
         <run_address>0x17a8</run_address>
         <size>0x2d</size>
         <input_file_ref idref="fl-39"/>
      </object_component>
      <object_component id="oc-25f">
         <name>.debug_line</name>
         <load_address>0x17d5</load_address>
         <run_address>0x17d5</run_address>
         <size>0xcc</size>
         <input_file_ref idref="fl-39"/>
      </object_component>
      <object_component id="oc-274">
         <name>.debug_line</name>
         <load_address>0x18a1</load_address>
         <run_address>0x18a1</run_address>
         <size>0x2e</size>
         <input_file_ref idref="fl-39"/>
      </object_component>
      <object_component id="oc-1c5">
         <name>.debug_line</name>
         <load_address>0x18cf</load_address>
         <run_address>0x18cf</run_address>
         <size>0x75</size>
         <input_file_ref idref="fl-3a"/>
      </object_component>
      <object_component id="oc-324">
         <name>.debug_line</name>
         <load_address>0x1944</load_address>
         <run_address>0x1944</run_address>
         <size>0x2d</size>
         <input_file_ref idref="fl-3b"/>
      </object_component>
      <object_component id="oc-1ec">
         <name>.debug_line</name>
         <load_address>0x1971</load_address>
         <run_address>0x1971</run_address>
         <size>0xec</size>
         <input_file_ref idref="fl-3b"/>
      </object_component>
      <object_component id="oc-1cd">
         <name>.debug_line</name>
         <load_address>0x1a5d</load_address>
         <run_address>0x1a5d</run_address>
         <size>0x3d</size>
         <input_file_ref idref="fl-3c"/>
      </object_component>
      <object_component id="oc-28b">
         <name>.debug_line</name>
         <load_address>0x1a9a</load_address>
         <run_address>0x1a9a</run_address>
         <size>0x5c</size>
         <input_file_ref idref="fl-3d"/>
      </object_component>
      <object_component id="oc-1bf">
         <name>.debug_line</name>
         <load_address>0x1af6</load_address>
         <run_address>0x1af6</run_address>
         <size>0x3d</size>
         <input_file_ref idref="fl-3e"/>
      </object_component>
      <object_component id="oc-36f">
         <name>.debug_line</name>
         <load_address>0x1b33</load_address>
         <run_address>0x1b33</run_address>
         <size>0x20</size>
         <input_file_ref idref="fl-3f"/>
      </object_component>
      <object_component id="oc-27c">
         <name>.debug_line</name>
         <load_address>0x1b53</load_address>
         <run_address>0x1b53</run_address>
         <size>0x81</size>
         <input_file_ref idref="fl-3f"/>
      </object_component>
      <object_component id="oc-386">
         <name>.debug_line</name>
         <load_address>0x1bd4</load_address>
         <run_address>0x1bd4</run_address>
         <size>0x2d</size>
         <input_file_ref idref="fl-40"/>
      </object_component>
      <object_component id="oc-2eb">
         <name>.debug_line</name>
         <load_address>0x1c01</load_address>
         <run_address>0x1c01</run_address>
         <size>0xfd</size>
         <input_file_ref idref="fl-40"/>
      </object_component>
      <object_component id="oc-374">
         <name>.debug_line</name>
         <load_address>0x1cfe</load_address>
         <run_address>0x1cfe</run_address>
         <size>0x20</size>
         <input_file_ref idref="fl-41"/>
      </object_component>
      <object_component id="oc-29d">
         <name>.debug_line</name>
         <load_address>0x1d1e</load_address>
         <run_address>0x1d1e</run_address>
         <size>0xdc</size>
         <input_file_ref idref="fl-41"/>
      </object_component>
      <object_component id="oc-306">
         <name>.debug_line</name>
         <load_address>0x1dfa</load_address>
         <run_address>0x1dfa</run_address>
         <size>0x2d</size>
         <input_file_ref idref="fl-42"/>
      </object_component>
      <object_component id="oc-1b8">
         <name>.debug_line</name>
         <load_address>0x1e27</load_address>
         <run_address>0x1e27</run_address>
         <size>0x103</size>
         <input_file_ref idref="fl-42"/>
      </object_component>
      <object_component id="oc-388">
         <name>.debug_line</name>
         <load_address>0x1f2a</load_address>
         <run_address>0x1f2a</run_address>
         <size>0x20</size>
         <input_file_ref idref="fl-43"/>
      </object_component>
      <object_component id="oc-362">
         <name>.debug_line</name>
         <load_address>0x1f4a</load_address>
         <run_address>0x1f4a</run_address>
         <size>0x82</size>
         <input_file_ref idref="fl-43"/>
      </object_component>
      <object_component id="oc-1e5">
         <name>.debug_line</name>
         <load_address>0x1fcc</load_address>
         <run_address>0x1fcc</run_address>
         <size>0x4b</size>
         <input_file_ref idref="fl-44"/>
      </object_component>
      <object_component id="oc-205">
         <name>.debug_line</name>
         <load_address>0x2017</load_address>
         <run_address>0x2017</run_address>
         <size>0x3d</size>
         <input_file_ref idref="fl-45"/>
      </object_component>
      <object_component id="oc-16b">
[...]
      </symbol>
      <symbol id="sm-26c">
         <name>__mspabi_func_epilog_6</name>
         <value>0xaba2</value>
         <object_component_ref idref="oc-ba"/>
      </symbol>
      <symbol id="sm-26d">
         <name>__mspabi_func_epilog_7</name>
         <value>0xaba0</value>
         <object_component_ref idref="oc-ba"/>
      </symbol>
      <symbol id="sm-26e">
         <name>__mspabi_func_epilog_4</name>
         <value>0xaba6</value>
         <object_component_ref idref="oc-ba"/>
      </symbol>
      <symbol id="sm-26f">
         <name>__mspabi_func_epilog_5</name>
         <value>0xaba4</value>
         <object_component_ref idref="oc-ba"/>
      </symbol>
      <symbol id="sm-272">
         <name>__TI_int02</name>
         <value>0xffe4</value>
         <object_component_ref idref="oc-3e"/>
      </symbol>
      <symbol id="sm-275">
         <name>__TI_int03</name>
         <value>0xffe6</value>
         <object_component_ref idref="oc-3f"/>
      </symbol>
      <symbol id="sm-278">
         <name>__TI_int06</name>
         <value>0xffec</value>
         <object_component_ref idref="oc-41"/>
      </symbol>
      <symbol id="sm-27b">
         <name>__TI_int07</name>
         <value>0xffee</value>
         <object_component_ref idref="oc-42"/>
      </symbol>
      <symbol id="sm-27e">
         <name>__TI_int08</name>
         <value>0xfff0</value>
         <object_component_ref idref="oc-43"/>
      </symbol>
      <symbol id="sm-281">
         <name>__TI_int09</name>
         <value>0xfff2</value>
         <object_component_ref idref="oc-44"/>
      </symbol>
      <symbol id="sm-284">
         <name>__TI_int10</name>
         <value>0xfff4</value>
         <object_component_ref idref="oc-45"/>
      </symbol>
      <symbol id="sm-287">
         <name>__TI_int12</name>
         <value>0xfff8</value>
         <object_component_ref idref="oc-46"/>
      </symbol>
      <symbol id="sm-28a">
         <name>__TI_int13</name>
         <value>0xfffa</value>
         <object_component_ref idref="oc-47"/>
      </symbol>
      <symbol id="sm-28d">
         <name>__TI_int14</name>
         <value>0xfffc</value>
         <object_component_ref idref="oc-48"/>
      </symbol>
      <symbol id="sm-295">
         <name>__TI_ISR_TRAP</name>
         <value>0xabc4</value>
         <object_component_ref idref="oc-d7"/>
      </symbol>
      <symbol id="sm-29d">
         <name>__mspabi_slli</name>
         <value>0xa9fc</value>
         <object_component_ref idref="oc-b0"/>
      </symbol>
      <symbol id="sm-29e">
         <name>__mspabi_slli_9</name>
         <value>0xaa14</value>
         <object_component_ref idref="oc-b0"/>
      </symbol>
      <symbol id="sm-29f">
         <name>__mspabi_slli_8</name>
         <value>0xaa16</value>
         <object_component_ref idref="oc-b0"/>
      </symbol>
      <symbol id="sm-2a0">
         <name>__mspabi_slli_7</name>
         <value>0xaa18</value>
         <object_component_ref idref="oc-b0"/>
      </symbol>
      <symbol id="sm-2a1">
         <name>__mspabi_slli_6</name>
         <value>0xaa1a</value>
         <object_component_ref idref="oc-b0"/>
      </symbol>
      <symbol id="sm-2a2">
         <name>__mspabi_slli_5</name>
         <value>0xaa1c</value>
         <object_component_ref idref="oc-b0"/>
      </symbol>
      <symbol id="sm-2a3">
         <name>__mspabi_slli_4</name>
         <value>0xaa1e</value>
         <object_component_ref idref="oc-b0"/>
      </symbol>
      <symbol id="sm-2a4">
         <name>__mspabi_slli_3</name>
         <value>0xaa20</value>
         <object_component_ref idref="oc-b0"/>
      </symbol>
      <symbol id="sm-2a5">
         <name>__mspabi_slli_2</name>
         <value>0xaa22</value>
         <object_component_ref idref="oc-b0"/>
      </symbol>
      <symbol id="sm-2a6">
         <name>__mspabi_slli_1</name>
         <value>0xaa24</value>
         <object_component_ref idref="oc-b0"/>
      </symbol>
      <symbol id="sm-2a7">
         <name>__mspabi_slli_15</name>
         <value>0xaa08</value>
         <object_component_ref idref="oc-b0"/>
      </symbol>
      <symbol id="sm-2a8">
         <name>__mspabi_slli_14</name>
         <value>0xaa0a</value>
         <object_component_ref idref="oc-b0"/>
      </symbol>
      <symbol id="sm-2a9">
         <name>__mspabi_slli_13</name>
         <value>0xaa0c</value>
         <object_component_ref idref="oc-b0"/>
      </symbol>
      <symbol id="sm-2aa">
         <name>__mspabi_slli_12</name>
         <value>0xaa0e</value>
         <object_component_ref idref="oc-b0"/>
      </symbol>
      <symbol id="sm-2ab">
         <name>__mspabi_slli_11</name>
         <value>0xaa10</value>
         <object_component_ref idref="oc-b0"/>
      </symbol>
      <symbol id="sm-2ac">
         <name>__mspabi_slli_10</name>
         <value>0xaa12</value>
         <object_component_ref idref="oc-b0"/>
      </symbol>
      <symbol id="sm-2b4">
         <name>__mspabi_srli_8</name>
         <value>0xa74c</value>
         <object_component_ref idref="oc-b5"/>
      </symbol>
      <symbol id="sm-2b5">
         <name>__mspabi_srli_9</name>
         <value>0xa748</value>
         <object_component_ref idref="oc-b5"/>
      </symbol>
      <symbol id="sm-2b6">
         <name>__mspabi_srli_6</name>
         <value>0xa754</value>
         <object_component_ref idref="oc-b5"/>
      </symbol>
      <symbol id="sm-2b7">
         <name>__mspabi_srli_7</name>
         <value>0xa750</value>
         <object_component_ref idref="oc-b5"/>
      </symbol>
      <symbol id="sm-2b8">
         <name>__mspabi_srli_4</name>
         <value>0xa75c</value>
         <object_component_ref idref="oc-b5"/>
      </symbol>
      <symbol id="sm-2b9">
         <name>__mspabi_srli_5</name>
         <value>0xa758</value>
         <object_component_ref idref="oc-b5"/>
      </symbol>
      <symbol id="sm-2ba">
         <name>__mspabi_srli_2</name>
         <value>0xa764</value>
         <object_component_ref idref="oc-b5"/>
      </symbol>
      <symbol id="sm-2bb">
         <name>__mspabi_srli_3</name>
         <value>0xa760</value>
         <object_component_ref idref="oc-b5"/>
      </symbol>
      <symbol id="sm-2bc">
         <name>__mspabi_srli_1</name>
         <value>0xa768</value>
         <object_component_ref idref="oc-b5"/>
      </symbol>
      <symbol id="sm-2bd">
         <name>__mspabi_srli</name>
         <value>0xa722</value>
         <object_component_ref idref="oc-b5"/>
      </symbol>
      <symbol id="sm-2be">
         <name>__mspabi_srli_15</name>
         <value>0xa730</value>
         <object_component_ref idref="oc-b5"/>
      </symbol>
      <symbol id="sm-2bf">
         <name>__mspabi_srli_14</name>
         <value>0xa734</value>
         <object_component_ref idref="oc-b5"/>
      </symbol>
      <symbol id="sm-2c0">
         <name>__mspabi_srli_13</name>
         <value>0xa738</value>
         <object_component_ref idref="oc-b5"/>
      </symbol>
      <symbol id="sm-2c1">
         <name>__mspabi_srli_12</name>
         <value>0xa73c</value>
         <object_component_ref idref="oc-b5"/>
      </symbol>
      <symbol id="sm-2c2">
         <name>__mspabi_srli_11</name>
         <value>0xa740</value>
         <object_component_ref idref="oc-b5"/>
      </symbol>
      <symbol id="sm-2c3">
         <name>__mspabi_srli_10</name>
         <value>0xa744</value>
         <object_component_ref idref="oc-b5"/>
      </symbol>
      <symbol id="sm-2d3">
         <name>_stack</name>
         <value>0x5b0</value>
         <object_component_ref idref="oc-ac"/>
      </symbol>
      <symbol id="sm-2d4">
         <name>_c_int00_noargs</name>
         <value>0xaae0</value>
         <object_component_ref idref="oc-f4"/>
      </symbol>
      <symbol id="sm-2d5">
         <name>_reset_vector</name>
         <value>0xfffe</value>
         <object_component_ref idref="oc-af"/>
      </symbol>
      <symbol id="sm-2f7">
         <name>__TI_auto_init_nobinit_nopinit</name>
         <value>0xa7fc</value>
         <object_component_ref idref="oc-20c"/>
      </symbol>
      <symbol id="sm-30f">
         <name>__TI_zero_init_nomemset</name>
         <value>0xab12</value>
         <object_component_ref idref="oc-e2"/>
      </symbol>
      <symbol id="sm-31b">
         <name>_system_pre_init</name>
         <value>0xabd2</value>
         <object_component_ref idref="oc-141"/>
      </symbol>
      <symbol id="sm-324">
         <name>_system_post_cinit</name>
         <value>0xabd6</value>
         <object_component_ref idref="oc-2b6"/>
      </symbol>
      <symbol id="sm-33a">
         <name>__TI_decompress_none</name>
         <value>0xab3a</value>
         <object_component_ref idref="oc-38"/>
      </symbol>
      <symbol id="sm-35d">
         <name>__TI_decompress_lzss</name>
         <value>0xa500</value>
         <object_component_ref idref="oc-32"/>
      </symbol>
      <symbol id="sm-384">
         <name>__mspabi_addd</name>
         <value>0x8ab4</value>
         <object_component_ref idref="oc-25e"/>
      </symbol>
      <symbol id="sm-39e">
         <name>__mspabi_cmpd</name>
         <value>0xa160</value>
         <object_component_ref idref="oc-1c0"/>
      </symbol>
      <symbol id="sm-3bf">
         <name>__mspabi_divd</name>
         <value>0x9c72</value>
         <object_component_ref idref="oc-1e7"/>
      </symbol>
      <symbol id="sm-3cc">
         <name>__mspabi_fixdi</name>
         <value>0xaa28</value>
         <object_component_ref idref="oc-1c9"/>
      </symbol>
      <symbol id="sm-3db">
         <name>__mspabi_fixdli</name>
         <value>0xa57c</value>
         <object_component_ref idref="oc-286"/>
      </symbol>
      <symbol id="sm-3e4">
         <name>__mspabi_fltid</name>
         <value>0xabb0</value>
         <object_component_ref idref="oc-1ba"/>
      </symbol>
      <symbol id="sm-3fb">
         <name>__mspabi_fltlid</name>
         <value>0xa3be</value>
         <object_component_ref idref="oc-277"/>
      </symbol>
      <symbol id="sm-41c">
         <name>__TI_frcaddd</name>
         <value>0x97d6</value>
         <object_component_ref idref="oc-2e7"/>
      </symbol>
      <symbol id="sm-437">
         <name>__TI_frcdivd</name>
         <value>0x863c</value>
         <object_component_ref idref="oc-299"/>
      </symbol>
      <symbol id="sm-459">
         <name>__mspabi_mpyd</name>
         <value>0x9568</value>
         <object_component_ref idref="oc-1b4"/>
      </symbol>
      <symbol id="sm-46c">
         <name>__TI_renormd</name>
         <value>0xa300</value>
         <object_component_ref idref="oc-35e"/>
      </symbol>
      <symbol id="sm-475">
         <name>__mspabi_subd</name>
         <value>0xa976</value>
         <object_component_ref idref="oc-1e1"/>
      </symbol>
      <symbol id="sm-47f">
         <name>C$$EXIT</name>
         <value>0xabcc</value>
         <object_component_ref idref="oc-200"/>
      </symbol>
      <symbol id="sm-480">
         <name>abort</name>
         <value>0xabcc</value>
         <object_component_ref idref="oc-200"/>
      </symbol>
      <symbol id="sm-490">
         <name>memcpy</name>
         <value>0xab5e</value>
         <object_component_ref idref="oc-ca"/>
      </symbol>
      <symbol id="sm-497">
         <name>errno</name>
         <value>0x27c</value>
         <object_component_ref idref="oc-2de"/>
      </symbol>
      <symbol id="sm-4a7">
         <name>__mspabi_sral</name>
         <value>0xab70</value>
         <object_component_ref idref="oc-359"/>
      </symbol>
      <symbol id="sm-4a8">
         <name>__mspabi_sral_15</name>
         <value>0xa8c0</value>
         <object_component_ref idref="oc-2ef"/>
      </symbol>
      <symbol id="sm-4a9">
         <name>__mspabi_sral_14</name>
         <value>0xa8c4</value>
         <object_component_ref idref="oc-2ef"/>
      </symbol>
      <symbol id="sm-4aa">
         <name>__mspabi_sral_13</name>
         <value>0xa8c8</value>
         <object_component_ref idref="oc-2ef"/>
      </symbol>
      <symbol id="sm-4ab">
         <name>__mspabi_sral_12</name>
         <value>0xa8cc</value>
         <object_component_ref idref="oc-2ef"/>
      </symbol>
      <symbol id="sm-4ac">
         <name>__mspabi_sral_11</name>
         <value>0xa8d0</value>
         <object_component_ref idref="oc-2ef"/>
      </symbol>
      <symbol id="sm-4ad">
         <name>__mspabi_sral_10</name>
         <value>0xa8d4</value>
         <object_component_ref idref="oc-2ef"/>
      </symbol>
      <symbol id="sm-4ae">
         <name>__mspabi_sral_8</name>
         <value>0xa8dc</value>
         <object_component_ref idref="oc-2ef"/>
      </symbol>
      <symbol id="sm-4af">
         <name>__mspabi_sral_9</name>
         <value>0xa8d8</value>
         <object_component_ref idref="oc-2ef"/>
      </symbol>
      <symbol id="sm-4b0">
         <name>__mspabi_sral_6</name>
         <value>0xa8e4</value>
         <object_component_ref idref="oc-2ef"/>
      </symbol>
      <symbol id="sm-4b1">
         <name>__mspabi_sral_7</name>
         <value>0xa8e0</value>
         <object_component_ref idref="oc-2ef"/>
      </symbol>
      <symbol id="sm-4b2">
         <name>__mspabi_sral_4</name>
         <value>0xa8ec</value>
         <object_component_ref idref="oc-2ef"/>
      </symbol>
      <symbol id="sm-4b3">
         <name>__mspabi_sral_5</name>
         <value>0xa8e8</value>
         <object_component_ref idref="oc-2ef"/>
      </symbol>
      <symbol id="sm-4b4">
         <name>__mspabi_sral_2</name>
         <value>0xa8f4</value>
         <object_component_ref idref="oc-2ef"/>
      </symbol>
      <symbol id="sm-4b5">
         <name>__mspabi_sral_3</name>
         <value>0xa8f0</value>
         <object_component_ref idref="oc-2ef"/>
      </symbol>
      <symbol id="sm-4b6">
         <name>__mspabi_sral_1</name>
         <value>0xa8f8</value>
         <object_component_ref idref="oc-2ef"/>
      </symbol>
      <symbol id="sm-4c6">
         <name>__mspabi_slll_9</name>
         <value>0xa916</value>
         <object_component_ref idref="oc-2f9"/>
      </symbol>
      <symbol id="sm-4c7">
         <name>__mspabi_slll_8</name>
         <value>0xa91a</value>
         <object_component_ref idref="oc-2f9"/>
      </symbol>
      <symbol id="sm-4c8">
         <name>__mspabi_slll_7</name>
         <value>0xa91e</value>
         <object_component_ref idref="oc-2f9"/>
      </symbol>
      <symbol id="sm-4c9">
         <name>__mspabi_slll_6</name>
         <value>0xa922</value>
         <object_component_ref idref="oc-2f9"/>
      </symbol>
      <symbol id="sm-4ca">
         <name>__mspabi_slll_5</name>
         <value>0xa926</value>
         <object_component_ref idref="oc-2f9"/>
      </symbol>
      <symbol id="sm-4cb">
         <name>__mspabi_slll_4</name>
         <value>0xa92a</value>
         <object_component_ref idref="oc-2f9"/>
      </symbol>
      <symbol id="sm-4cc">
         <name>__mspabi_slll_3</name>
         <value>0xa92e</value>
         <object_component_ref idref="oc-2f9"/>
      </symbol>
      <symbol id="sm-4cd">
         <name>__mspabi_slll_2</name>
         <value>0xa932</value>
         <object_component_ref idref="oc-2f9"/>
      </symbol>
      <symbol id="sm-4ce">
         <name>__mspabi_slll_1</name>
         <value>0xa936</value>
         <object_component_ref idref="oc-2f9"/>
      </symbol>
      <symbol id="sm-4cf">
         <name>__mspabi_slll</name>
         <value>0xab80</value>
         <object_component_ref idref="oc-354"/>
      </symbol>
      <symbol id="sm-4d0">
         <name>__mspabi_slll_15</name>
         <value>0xa8fe</value>
         <object_component_ref idref="oc-2f9"/>
      </symbol>
      <symbol id="sm-4d1">
         <name>__mspabi_slll_14</name>
         <value>0xa902</value>
         <object_component_ref idref="oc-2f9"/>
      </symbol>
      <symbol id="sm-4d2">
         <name>__mspabi_slll_13</name>
         <value>0xa906</value>
         <object_component_ref idref="oc-2f9"/>
      </symbol>
      <symbol id="sm-4d3">
         <name>__mspabi_slll_12</name>
         <value>0xa90a</value>
         <object_component_ref idref="oc-2f9"/>
      </symbol>
      <symbol id="sm-4d4">
         <name>__mspabi_slll_11</name>
         <value>0xa90e</value>
         <object_component_ref idref="oc-2f9"/>
      </symbol>
      <symbol id="sm-4d5">
         <name>__mspabi_slll_10</name>
         <value>0xa912</value>
         <object_component_ref idref="oc-2f9"/>
      </symbol>
      <symbol id="sm-4e5">
         <name>__mspabi_srll_8</name>
         <value>0xa6f0</value>
         <object_component_ref idref="oc-2fe"/>
      </symbol>
      <symbol id="sm-4e6">
         <name>__mspabi_srll_9</name>
         <value>0xa6ea</value>
         <object_component_ref idref="oc-2fe"/>
      </symbol>
      <symbol id="sm-4e7">
         <name>__mspabi_srll_6</name>
         <value>0xa6fc</value>
         <object_component_ref idref="oc-2fe"/>
      </symbol>
      <symbol id="sm-4e8">
         <name>__mspabi_srll_7</name>
         <value>0xa6f6</value>
         <object_component_ref idref="oc-2fe"/>
      </symbol>
      <symbol id="sm-4e9">
         <name>__mspabi_srll_4</name>
         <value>0xa708</value>
         <object_component_ref idref="oc-2fe"/>
      </symbol>
      <symbol id="sm-4ea">
         <name>__mspabi_srll_5</name>
         <value>0xa702</value>
         <object_component_ref idref="oc-2fe"/>
      </symbol>
      <symbol id="sm-4eb">
         <name>__mspabi_srll_2</name>
         <value>0xa714</value>
         <object_component_ref idref="oc-2fe"/>
      </symbol>
      <symbol id="sm-4ec">
         <name>__mspabi_srll_3</name>
         <value>0xa70e</value>
         <object_component_ref idref="oc-2fe"/>
      </symbol>
      <symbol id="sm-4ed">
         <name>__mspabi_srll_1</name>
         <value>0xa71a</value>
         <object_component_ref idref="oc-2fe"/>
      </symbol>
      <symbol id="sm-4ee">
         <name>__mspabi_srll_15</name>
         <value>0xa6c6</value>
         <object_component_ref idref="oc-2fe"/>
      </symbol>
      <symbol id="sm-4ef">
         <name>__mspabi_srll_14</name>
         <value>0xa6cc</value>
         <object_component_ref idref="oc-2fe"/>
      </symbol>
      <symbol id="sm-4f0">
         <name>__mspabi_srll_13</name>
         <value>0xa6d2</value>
         <object_component_ref idref="oc-2fe"/>
      </symbol>
      <symbol id="sm-4f1">
         <name>__mspabi_srll_12</name>
         <value>0xa6d8</value>
         <object_component_ref idref="oc-2fe"/>
      </symbol>
      <symbol id="sm-4f2">
         <name>__mspabi_srll_11</name>
         <value>0xa6de</value>
         <object_component_ref idref="oc-2fe"/>
      </symbol>
      <symbol id="sm-4f3">
         <name>__mspabi_srll_10</name>
         <value>0xa6e4</value>
         <object_component_ref idref="oc-2fe"/>
      </symbol>
      <symbol id="sm-4f4">
         <name>__mspabi_srll</name>
         <value>0xab4c</value>
         <object_component_ref idref="oc-30e"/>
      </symbol>
      <symbol id="sm-4fe">
         <name>__mspabi_mpyi_sw</name>
         <value>0xab26</value>
         <object_component_ref idref="oc-31c"/>
      </symbol>
      <symbol id="sm-4ff">
         <name>__mspabi_mpyi</name>
         <value>0xab26</value>
         <object_component_ref idref="oc-31c"/>
      </symbol>
      <symbol id="sm-509">
         <name>__mspabi_mpyl_sw</name>
         <value>0xaa78</value>
         <object_component_ref idref="oc-2f4"/>
      </symbol>
      <symbol id="sm-50a">
         <name>__mspabi_mpyl</name>
         <value>0xaa78</value>
         <object_component_ref idref="oc-2f4"/>
      </symbol>
      <symbol id="sm-51b">
         <name>__TI_frcmpyd</name>
         <value>0x92e2</value>
         <object_component_ref idref="oc-26a"/>
      </symbol>
   </symbol_table>
   <title>Link successful</title>
</link_info>
